
> frontend@0.1.0 test
> jest --coverage src/units.test.js --no-coverage --watchAll=false

  console.error
    An update to SendMessage inside a test was not wrapped in act(...).
    
    When testing, code that causes React state updates should be wrapped into act(...):
    
    act(() => {
      /* fire events that update state */
    });
    /* assert on the output */
    
    This ensures that you're testing the behavior the user would see in the browser. Learn more at https://react.dev/link/wrap-tests-with-act

    [0m [90m 13 |[39m     [36mtry[39m {
     [90m 14 |[39m       [36mawait[39m onSendMessage(message)[33m;[39m
    [31m[1m>[22m[39m[90m 15 |[39m       setMessage([32m""[39m)[33m;[39m
     [90m    |[39m       [31m[1m^[22m[39m
     [90m 16 |[39m     } [36mcatch[39m (err) {
     [90m 17 |[39m       console[33m.[39merror([32m"Failed to send message:"[39m[33m,[39m err)[33m;[39m
     [90m 18 |[39m     } [36mfinally[39m {[0m

      at node_modules/react-dom/cjs/react-dom-client.development.js:18758:19
      at runWithFiberInDEV (node_modules/react-dom/cjs/react-dom-client.development.js:874:13)
      at warnIfUpdatesNotWrappedWithActDEV (node_modules/react-dom/cjs/react-dom-client.development.js:18757:9)
      at scheduleUpdateOnFiber (node_modules/react-dom/cjs/react-dom-client.development.js:16409:11)
      at dispatchSetStateInternal (node_modules/react-dom/cjs/react-dom-client.development.js:9170:13)
      at dispatchSetState (node_modules/react-dom/cjs/react-dom-client.development.js:9127:7)
      at setMessage (src/components/SendMessage.js:15:7)

  console.error
    An update to SendMessage inside a test was not wrapped in act(...).
    
    When testing, code that causes React state updates should be wrapped into act(...):
    
    act(() => {
      /* fire events that update state */
    });
    /* assert on the output */
    
    This ensures that you're testing the behavior the user would see in the browser. Learn more at https://react.dev/link/wrap-tests-with-act

    [0m [90m 17 |[39m       console[33m.[39merror([32m"Failed to send message:"[39m[33m,[39m err)[33m;[39m
     [90m 18 |[39m     } [36mfinally[39m {
    [31m[1m>[22m[39m[90m 19 |[39m       setLoading([36mfalse[39m)[33m;[39m
     [90m    |[39m       [31m[1m^[22m[39m
     [90m 20 |[39m     }
     [90m 21 |[39m   }[33m;[39m
     [90m 22 |[39m[0m

      at node_modules/react-dom/cjs/react-dom-client.development.js:18758:19
      at runWithFiberInDEV (node_modules/react-dom/cjs/react-dom-client.development.js:874:13)
      at warnIfUpdatesNotWrappedWithActDEV (node_modules/react-dom/cjs/react-dom-client.development.js:18757:9)
      at scheduleUpdateOnFiber (node_modules/react-dom/cjs/react-dom-client.development.js:16409:11)
      at dispatchSetStateInternal (node_modules/react-dom/cjs/react-dom-client.development.js:9170:13)
      at dispatchSetState (node_modules/react-dom/cjs/react-dom-client.development.js:9127:7)
      at setLoading (src/components/SendMessage.js:19:7)

  console.error
    An update to SendMessage inside a test was not wrapped in act(...).
    
    When testing, code that causes React state updates should be wrapped into act(...):
    
    act(() => {
      /* fire events that update state */
    });
    /* assert on the output */
    
    This ensures that you're testing the behavior the user would see in the browser. Learn more at https://react.dev/link/wrap-tests-with-act

    [0m [90m 13 |[39m     [36mtry[39m {
     [90m 14 |[39m       [36mawait[39m onSendMessage(message)[33m;[39m
    [31m[1m>[22m[39m[90m 15 |[39m       setMessage([32m""[39m)[33m;[39m
     [90m    |[39m       [31m[1m^[22m[39m
     [90m 16 |[39m     } [36mcatch[39m (err) {
     [90m 17 |[39m       console[33m.[39merror([32m"Failed to send message:"[39m[33m,[39m err)[33m;[39m
     [90m 18 |[39m     } [36mfinally[39m {[0m

      at node_modules/react-dom/cjs/react-dom-client.development.js:18758:19
      at runWithFiberInDEV (node_modules/react-dom/cjs/react-dom-client.development.js:874:13)
      at warnIfUpdatesNotWrappedWithActDEV (node_modules/react-dom/cjs/react-dom-client.development.js:18757:9)
      at scheduleUpdateOnFiber (node_modules/react-dom/cjs/react-dom-client.development.js:16409:11)
      at dispatchSetStateInternal (node_modules/react-dom/cjs/react-dom-client.development.js:9170:13)
      at dispatchSetState (node_modules/react-dom/cjs/react-dom-client.development.js:9127:7)
      at setMessage (src/components/SendMessage.js:15:7)

  console.error
    An update to SendMessage inside a test was not wrapped in act(...).
    
    When testing, code that causes React state updates should be wrapped into act(...):
    
    act(() => {
      /* fire events that update state */
    });
    /* assert on the output */
    
    This ensures that you're testing the behavior the user would see in the browser. Learn more at https://react.dev/link/wrap-tests-with-act

    [0m [90m 17 |[39m       console[33m.[39merror([32m"Failed to send message:"[39m[33m,[39m err)[33m;[39m
     [90m 18 |[39m     } [36mfinally[39m {
    [31m[1m>[22m[39m[90m 19 |[39m       setLoading([36mfalse[39m)[33m;[39m
     [90m    |[39m       [31m[1m^[22m[39m
     [90m 20 |[39m     }
     [90m 21 |[39m   }[33m;[39m
     [90m 22 |[39m[0m

      at node_modules/react-dom/cjs/react-dom-client.development.js:18758:19
      at runWithFiberInDEV (node_modules/react-dom/cjs/react-dom-client.development.js:874:13)
      at warnIfUpdatesNotWrappedWithActDEV (node_modules/react-dom/cjs/react-dom-client.development.js:18757:9)
      at scheduleUpdateOnFiber (node_modules/react-dom/cjs/react-dom-client.development.js:16409:11)
      at dispatchSetStateInternal (node_modules/react-dom/cjs/react-dom-client.development.js:9170:13)
      at dispatchSetState (node_modules/react-dom/cjs/react-dom-client.development.js:9127:7)
      at setLoading (src/components/SendMessage.js:19:7)

  console.error
    An update to SendMessage inside a test was not wrapped in act(...).
    
    When testing, code that causes React state updates should be wrapped into act(...):
    
    act(() => {
      /* fire events that update state */
    });
    /* assert on the output */
    
    This ensures that you're testing the behavior the user would see in the browser. Learn more at https://react.dev/link/wrap-tests-with-act

    [0m [90m 13 |[39m     [36mtry[39m {
     [90m 14 |[39m       [36mawait[39m onSendMessage(message)[33m;[39m
    [31m[1m>[22m[39m[90m 15 |[39m       setMessage([32m""[39m)[33m;[39m
     [90m    |[39m       [31m[1m^[22m[39m
     [90m 16 |[39m     } [36mcatch[39m (err) {
     [90m 17 |[39m       console[33m.[39merror([32m"Failed to send message:"[39m[33m,[39m err)[33m;[39m
     [90m 18 |[39m     } [36mfinally[39m {[0m

      at node_modules/react-dom/cjs/react-dom-client.development.js:18758:19
      at runWithFiberInDEV (node_modules/react-dom/cjs/react-dom-client.development.js:874:13)
      at warnIfUpdatesNotWrappedWithActDEV (node_modules/react-dom/cjs/react-dom-client.development.js:18757:9)
      at scheduleUpdateOnFiber (node_modules/react-dom/cjs/react-dom-client.development.js:16409:11)
      at dispatchSetStateInternal (node_modules/react-dom/cjs/react-dom-client.development.js:9170:13)
      at dispatchSetState (node_modules/react-dom/cjs/react-dom-client.development.js:9127:7)
      at setMessage (src/components/SendMessage.js:15:7)

  console.error
    An update to SendMessage inside a test was not wrapped in act(...).
    
    When testing, code that causes React state updates should be wrapped into act(...):
    
    act(() => {
      /* fire events that update state */
    });
    /* assert on the output */
    
    This ensures that you're testing the behavior the user would see in the browser. Learn more at https://react.dev/link/wrap-tests-with-act

    [0m [90m 17 |[39m       console[33m.[39merror([32m"Failed to send message:"[39m[33m,[39m err)[33m;[39m
     [90m 18 |[39m     } [36mfinally[39m {
    [31m[1m>[22m[39m[90m 19 |[39m       setLoading([36mfalse[39m)[33m;[39m
     [90m    |[39m       [31m[1m^[22m[39m
     [90m 20 |[39m     }
     [90m 21 |[39m   }[33m;[39m
     [90m 22 |[39m[0m

      at node_modules/react-dom/cjs/react-dom-client.development.js:18758:19
      at runWithFiberInDEV (node_modules/react-dom/cjs/react-dom-client.development.js:874:13)
      at warnIfUpdatesNotWrappedWithActDEV (node_modules/react-dom/cjs/react-dom-client.development.js:18757:9)
      at scheduleUpdateOnFiber (node_modules/react-dom/cjs/react-dom-client.development.js:16409:11)
      at dispatchSetStateInternal (node_modules/react-dom/cjs/react-dom-client.development.js:9170:13)
      at dispatchSetState (node_modules/react-dom/cjs/react-dom-client.development.js:9127:7)
      at setLoading (src/components/SendMessage.js:19:7)

  console.error
    Failed to send message: Error: Network error
        at Object.<anonymous> (C:\Users\zombi\chat\frontend\src\units.test.js:378:50)
        at Promise.finally.completed (C:\Users\zombi\chat\frontend\node_modules\jest-circus\build\jestAdapterInit.js:1557:28)
        at new Promise (<anonymous>)
        at callAsyncCircusFn (C:\Users\zombi\chat\frontend\node_modules\jest-circus\build\jestAdapterInit.js:1497:10)
        at _callCircusTest (C:\Users\zombi\chat\frontend\node_modules\jest-circus\build\jestAdapterInit.js:1007:40)
        at _runTest (C:\Users\zombi\chat\frontend\node_modules\jest-circus\build\jestAdapterInit.js:947:3)
        at C:\Users\zombi\chat\frontend\node_modules\jest-circus\build\jestAdapterInit.js:849:7
        at _runTestsForDescribeBlock (C:\Users\zombi\chat\frontend\node_modules\jest-circus\build\jestAdapterInit.js:862:11)
        at _runTestsForDescribeBlock (C:\Users\zombi\chat\frontend\node_modules\jest-circus\build\jestAdapterInit.js:857:11)
        at _runTestsForDescribeBlock (C:\Users\zombi\chat\frontend\node_modules\jest-circus\build\jestAdapterInit.js:857:11)
        at run (C:\Users\zombi\chat\frontend\node_modules\jest-circus\build\jestAdapterInit.js:761:3)
        at runAndTransformResultsToJestFormat (C:\Users\zombi\chat\frontend\node_modules\jest-circus\build\jestAdapterInit.js:1918:21)
        at jestAdapter (C:\Users\zombi\chat\frontend\node_modules\jest-circus\build\runner.js:101:19)
        at runTestInternal (C:\Users\zombi\chat\frontend\node_modules\jest-runner\build\index.js:275:16)
        at runTest (C:\Users\zombi\chat\frontend\node_modules\jest-runner\build\index.js:343:7)

    [0m [90m 15 |[39m       setMessage([32m""[39m)[33m;[39m
     [90m 16 |[39m     } [36mcatch[39m (err) {
    [31m[1m>[22m[39m[90m 17 |[39m       console[33m.[39merror([32m"Failed to send message:"[39m[33m,[39m err)[33m;[39m
     [90m    |[39m               [31m[1m^[22m[39m
     [90m 18 |[39m     } [36mfinally[39m {
     [90m 19 |[39m       setLoading([36mfalse[39m)[33m;[39m
     [90m 20 |[39m     }[0m

      at error (src/components/SendMessage.js:17:15)

  console.error
    Failed to send message: Error: Failed
        at Object.<anonymous> (C:\Users\zombi\chat\frontend\src\units.test.js:389:50)
        at Promise.finally.completed (C:\Users\zombi\chat\frontend\node_modules\jest-circus\build\jestAdapterInit.js:1557:28)
        at new Promise (<anonymous>)
        at callAsyncCircusFn (C:\Users\zombi\chat\frontend\node_modules\jest-circus\build\jestAdapterInit.js:1497:10)
        at _callCircusTest (C:\Users\zombi\chat\frontend\node_modules\jest-circus\build\jestAdapterInit.js:1007:40)
        at _runTest (C:\Users\zombi\chat\frontend\node_modules\jest-circus\build\jestAdapterInit.js:947:3)
        at C:\Users\zombi\chat\frontend\node_modules\jest-circus\build\jestAdapterInit.js:849:7
        at _runTestsForDescribeBlock (C:\Users\zombi\chat\frontend\node_modules\jest-circus\build\jestAdapterInit.js:862:11)
        at _runTestsForDescribeBlock (C:\Users\zombi\chat\frontend\node_modules\jest-circus\build\jestAdapterInit.js:857:11)
        at _runTestsForDescribeBlock (C:\Users\zombi\chat\frontend\node_modules\jest-circus\build\jestAdapterInit.js:857:11)
        at run (C:\Users\zombi\chat\frontend\node_modules\jest-circus\build\jestAdapterInit.js:761:3)
        at runAndTransformResultsToJestFormat (C:\Users\zombi\chat\frontend\node_modules\jest-circus\build\jestAdapterInit.js:1918:21)
        at jestAdapter (C:\Users\zombi\chat\frontend\node_modules\jest-circus\build\runner.js:101:19)
        at runTestInternal (C:\Users\zombi\chat\frontend\node_modules\jest-runner\build\index.js:275:16)
        at runTest (C:\Users\zombi\chat\frontend\node_modules\jest-runner\build\index.js:343:7)

    [0m [90m 15 |[39m       setMessage([32m""[39m)[33m;[39m
     [90m 16 |[39m     } [36mcatch[39m (err) {
    [31m[1m>[22m[39m[90m 17 |[39m       console[33m.[39merror([32m"Failed to send message:"[39m[33m,[39m err)[33m;[39m
     [90m    |[39m               [31m[1m^[22m[39m
     [90m 18 |[39m     } [36mfinally[39m {
     [90m 19 |[39m       setLoading([36mfalse[39m)[33m;[39m
     [90m 20 |[39m     }[0m

      at error (src/components/SendMessage.js:17:15)

  console.error
    An update to Login inside a test was not wrapped in act(...).
    
    When testing, code that causes React state updates should be wrapped into act(...):
    
    act(() => {
      /* fire events that update state */
    });
    /* assert on the output */
    
    This ensures that you're testing the behavior the user would see in the browser. Learn more at https://react.dev/link/wrap-tests-with-act

    [0m [90m 23 |[39m       setLocalError(err[33m.[39mresponse[33m?[39m[33m.[39mdata[33m?[39m[33m.[39mmessage [33m||[39m [32m"Login failed"[39m)[33m;[39m
     [90m 24 |[39m     } [36mfinally[39m {
    [31m[1m>[22m[39m[90m 25 |[39m       setLoading([36mfalse[39m)[33m;[39m
     [90m    |[39m       [31m[1m^[22m[39m
     [90m 26 |[39m     }
     [90m 27 |[39m   }[33m;[39m
     [90m 28 |[39m[0m

      at node_modules/react-dom/cjs/react-dom-client.development.js:18758:19
      at runWithFiberInDEV (node_modules/react-dom/cjs/react-dom-client.development.js:874:13)
      at warnIfUpdatesNotWrappedWithActDEV (node_modules/react-dom/cjs/react-dom-client.development.js:18757:9)
      at scheduleUpdateOnFiber (node_modules/react-dom/cjs/react-dom-client.development.js:16409:11)
      at dispatchSetStateInternal (node_modules/react-dom/cjs/react-dom-client.development.js:9170:13)
      at dispatchSetState (node_modules/react-dom/cjs/react-dom-client.development.js:9127:7)
      at setLoading (src/components/Login.js:25:7)

  console.error
    Signup error caught: { response: { data: { message: 'Email already in use' } } }

    [0m [90m 23 |[39m       navigate([32m"/chat"[39m)[33m;[39m
     [90m 24 |[39m     } [36mcatch[39m (err) {
    [31m[1m>[22m[39m[90m 25 |[39m       console[33m.[39merror([32m"Signup error caught:"[39m[33m,[39m err)[33m;[39m
     [90m    |[39m               [31m[1m^[22m[39m
     [90m 26 |[39m       [36mconst[39m errorMsg [33m=[39m err[33m.[39mresponse[33m?[39m[33m.[39mdata[33m?[39m[33m.[39mmessage [33m||[39m err[33m.[39mmessage [33m||[39m [32m"Signup failed"[39m[33m;[39m
     [90m 27 |[39m       console[33m.[39merror([32m"Error message:"[39m[33m,[39m errorMsg)[33m;[39m
     [90m 28 |[39m       setLocalError(errorMsg)[33m;[39m[0m

      at error (src/components/Signup.js:25:15)

  console.error
    Error message: Email already in use

    [0m [90m 25 |[39m       console[33m.[39merror([32m"Signup error caught:"[39m[33m,[39m err)[33m;[39m
     [90m 26 |[39m       [36mconst[39m errorMsg [33m=[39m err[33m.[39mresponse[33m?[39m[33m.[39mdata[33m?[39m[33m.[39mmessage [33m||[39m err[33m.[39mmessage [33m||[39m [32m"Signup failed"[39m[33m;[39m
    [31m[1m>[22m[39m[90m 27 |[39m       console[33m.[39merror([32m"Error message:"[39m[33m,[39m errorMsg)[33m;[39m
     [90m    |[39m               [31m[1m^[22m[39m
     [90m 28 |[39m       setLocalError(errorMsg)[33m;[39m
     [90m 29 |[39m     } [36mfinally[39m {
     [90m 30 |[39m       setLoading([36mfalse[39m)[33m;[39m[0m

      at error (src/components/Signup.js:27:15)

  console.error
    An update to Signup inside a test was not wrapped in act(...).
    
    When testing, code that causes React state updates should be wrapped into act(...):
    
    act(() => {
      /* fire events that update state */
    });
    /* assert on the output */
    
    This ensures that you're testing the behavior the user would see in the browser. Learn more at https://react.dev/link/wrap-tests-with-act

    [0m [90m 28 |[39m       setLocalError(errorMsg)[33m;[39m
     [90m 29 |[39m     } [36mfinally[39m {
    [31m[1m>[22m[39m[90m 30 |[39m       setLoading([36mfalse[39m)[33m;[39m
     [90m    |[39m       [31m[1m^[22m[39m
     [90m 31 |[39m     }
     [90m 32 |[39m   }[33m;[39m
     [90m 33 |[39m[0m

      at node_modules/react-dom/cjs/react-dom-client.development.js:18758:19
      at runWithFiberInDEV (node_modules/react-dom/cjs/react-dom-client.development.js:874:13)
      at warnIfUpdatesNotWrappedWithActDEV (node_modules/react-dom/cjs/react-dom-client.development.js:18757:9)
      at scheduleUpdateOnFiber (node_modules/react-dom/cjs/react-dom-client.development.js:16409:11)
      at dispatchSetStateInternal (node_modules/react-dom/cjs/react-dom-client.development.js:9170:13)
      at dispatchSetState (node_modules/react-dom/cjs/react-dom-client.development.js:9127:7)
      at setLoading (src/components/Signup.js:30:7)

  console.log
    Not authenticated

      at log (src/context/AuthContext.js:25:17)

  console.error
    Logout error: Error: network
        at Object.<anonymous> (C:\Users\zombi\chat\frontend\src\units.test.js:841:40)
        at Promise.finally.completed (C:\Users\zombi\chat\frontend\node_modules\jest-circus\build\jestAdapterInit.js:1557:28)
        at new Promise (<anonymous>)
        at callAsyncCircusFn (C:\Users\zombi\chat\frontend\node_modules\jest-circus\build\jestAdapterInit.js:1497:10)
        at _callCircusTest (C:\Users\zombi\chat\frontend\node_modules\jest-circus\build\jestAdapterInit.js:1007:40)
        at _runTest (C:\Users\zombi\chat\frontend\node_modules\jest-circus\build\jestAdapterInit.js:947:3)
        at C:\Users\zombi\chat\frontend\node_modules\jest-circus\build\jestAdapterInit.js:849:7
        at _runTestsForDescribeBlock (C:\Users\zombi\chat\frontend\node_modules\jest-circus\build\jestAdapterInit.js:862:11)
        at _runTestsForDescribeBlock (C:\Users\zombi\chat\frontend\node_modules\jest-circus\build\jestAdapterInit.js:857:11)
        at _runTestsForDescribeBlock (C:\Users\zombi\chat\frontend\node_modules\jest-circus\build\jestAdapterInit.js:857:11)
        at run (C:\Users\zombi\chat\frontend\node_modules\jest-circus\build\jestAdapterInit.js:761:3)
        at runAndTransformResultsToJestFormat (C:\Users\zombi\chat\frontend\node_modules\jest-circus\build\jestAdapterInit.js:1918:21)
        at jestAdapter (C:\Users\zombi\chat\frontend\node_modules\jest-circus\build\runner.js:101:19)
        at runTestInternal (C:\Users\zombi\chat\frontend\node_modules\jest-runner\build\index.js:275:16)
        at runTest (C:\Users\zombi\chat\frontend\node_modules\jest-runner\build\index.js:343:7)

    [0m [90m  97 |[39m       [36mawait[39m apiClient[33m.[39mpost([32m"/api/auth/logout"[39m)[33m;[39m
     [90m  98 |[39m     } [36mcatch[39m (err) {
    [31m[1m>[22m[39m[90m  99 |[39m       console[33m.[39merror([32m"Logout error:"[39m[33m,[39m err)[33m;[39m
     [90m     |[39m               [31m[1m^[22m[39m
     [90m 100 |[39m     } [36mfinally[39m {
     [90m 101 |[39m       localStorage[33m.[39mremoveItem([32m"authToken"[39m)[33m;[39m
     [90m 102 |[39m       setUser([36mnull[39m)[33m;[39m[0m

      at Object.error [as logout] (src/context/AuthContext.js:99:15)

node.exe : FAIL src/units.test.js (8.838 s)
At line:1 char:1
+ & "C:\Program Files\nodejs/node.exe" "C:\Program Files\nodejs/node_mo ...
+ ~~~~~~~~~~~~~~~~~~~~~~~~~~~~~~~~~~~~~~~~~~~~~~~~~~~~~~~~~~~~~~~~~~~~~
    + CategoryInfo          : NotSpecified: (FAIL src/units.test.js (8.838 s): 
   String) [], RemoteException
    + FullyQualifiedErrorId : NativeCommandError
 
  MessageList - Unit Tests
    rendering
      ΓêÜ displays empty-state message when no messages (56 ms)
      ΓêÜ renders all message content (46 ms)
      ΓêÜ renders messages in the correct order (9 ms)
    CSS classification
      ΓêÜ applies 'sent' class to user's own messages (8 ms)
      ΓêÜ applies 'received' class to other users' messages (6 ms)
      ΓêÜ correctly classifies mixed sender list (7 ms)
    senderId format handling
      ΓêÜ reads senderId from sender._id (MongoDB format) (4 ms)
      ΓêÜ reads senderId from sender.id (4 ms)
      ΓêÜ coerces numeric senderId to string (4 ms)
    timestamp handling
      ΓêÜ renders timestamp element (5 ms)
      ΓêÜ handles missing timestamp without crashing (21 ms)
  ContactsList - Unit Tests
    rendering
      ΓêÜ displays empty-state when no contacts (5 ms)
      ΓêÜ renders one contact per item (14 ms)
      ΓêÜ displays email for each contact (21 ms)
      ΓêÜ renders avatar initials (6 ms)
    user interactions
      ΓêÜ calls onSelectContact with contact on click (11 ms)
      ΓêÜ calls onDeleteContact with id on delete button click (5 ms)
      ΓêÜ uses id field when _id absent (4 ms)
    selection styling
      ΓêÜ marks selected contact with 'active' class (5 ms)
      ΓêÜ removes 'active' from non-selected contacts (5 ms)
    field fallback handling
      ΓêÜ falls back to otherUser fields (4 ms)
      ΓêÜ displays error when contacts not an array (2 ms)
  SendMessage - Unit Tests
    rendering
      ΓêÜ renders input and button (92 ms)
    input validation
      ΓêÜ does not call onSendMessage when empty (16 ms)
      ΓêÜ does not call onSendMessage for whitespace-only (110 ms)
    message sending
      ΓêÜ calls onSendMessage with text on send (276 ms)
      ΓêÜ clears input after successful send (283 ms)
      ΓêÜ sends message with whitespace preserved (239 ms)
    loading state
      ΓêÜ disables input while sending (134 ms)
    error handling
      ΓêÜ re-enables input after failure (254 ms)
      ΓêÜ keeps input value on failure (300 ms)
  Login - Unit Tests
    rendering
      ΓêÜ renders all fields (29 ms)
      ΓêÜ displays signup link (16 ms)
    form submission
      ΓêÜ calls login with email and password (502 ms)
    error handling
      ΓêÜ displays error on login failure (483 ms)
      ΓêÜ shows no error initially (7 ms)
    loading state
      ΓêÜ disables button while submitting (516 ms)
  Signup - Unit Tests
    rendering
      ΓêÜ renders all fields (24 ms)
      ΓêÜ displays login link (9 ms)
    form submission
      ΓêÜ calls signup with correct order (697 ms)
    error handling
      ΓêÜ displays server error (688 ms)
    loading state
      ΓêÜ disables button while submitting (644 ms)
  SearchContacts - Unit Tests
    rendering
      ├ù renders search input and button (23 ms)
    search validation
      ├ù does not call API when empty (5 ms)
      ├ù does not call API for whitespace (3 ms)
    API interaction
      ├ù calls search API with query (2 ms)
      ├ù preserves whitespace in search query (3 ms)
    result rendering
      ├ù displays search results (2 ms)
      ├ù displays 'No contacts found' when empty (3 ms)
    contact selection
      ├ù toggles selection on click (3 ms)
      ├ù displays selection count (3 ms)
    message button
      ├ù calls onContactAdded with selected contacts (3 ms)
    error handling
      ├ù displays error message on API failure (3 ms)
  AuthContext - Unit Tests
    initialization
      ΓêÜ starts with loading=true and no user (3 ms)
      ΓêÜ loads user when token exists (73 ms)
      ΓêÜ stays unauthenticated without token (77 ms)
      ΓêÜ removes invalid token (63 ms)
    login()
      ΓêÜ sets user on success (79 ms)
      ΓêÜ accepts flat response (77 ms)
      ΓêÜ exposes error on failure (92 ms)
      ΓêÜ rethrows error (81 ms)
    logout()
      ΓêÜ clears user and removes token (77 ms)
      ΓêÜ clears user even on API failure (82 ms)
    signup()
      ΓêÜ sets user on success (75 ms)
      ΓêÜ exposes error on failure (92 ms)
      ΓêÜ rethrows error (79 ms)
    context API
      ΓêÜ provides all required methods (78 ms)
      ΓêÜ provides isAuthenticated boolean (80 ms)

  ΓùÅ SearchContacts - Unit Tests ΓÇ║ rendering ΓÇ║ renders search input and 
button

    TypeError: Cannot destructure property 'user' of '(0 , 
_react.useContext)(...)' as it is undefined.

    [0m [90m  5 |[39m
     [90m  6 |[39m [36mconst[39m [33mSearchContacts[39m [33m=[39m ({ 
onContactAdded[33m,[39m onClose }) [33m=>[39m {
    [31m[1m>[22m[39m[90m  7 |[39m   [36mconst[39m { user } [33m=[39m 
useContext([33mAuthContext[39m)[33m;[39m
     [90m    |[39m           [31m[1m^[22m[39m
     [90m  8 |[39m   [36mconst[39m [searchQuery[33m,[39m setSearchQuery] 
[33m=[39m useState([32m""[39m)[33m;[39m
     [90m  9 |[39m   [36mconst[39m [searchResults[33m,[39m 
setSearchResults] [33m=[39m useState([])[33m;[39m
     [90m 10 |[39m   [36mconst[39m [loading[33m,[39m setLoading] 
[33m=[39m useState([36mfalse[39m)[33m;[39m[0m

      at user (src/components/SearchContacts.js:7:11)
      at Object.react_stack_bottom_frame 
(node_modules/react-dom/cjs/react-dom-client.development.js:25904:20)
      at renderWithHooks 
(node_modules/react-dom/cjs/react-dom-client.development.js:7662:22)
      at updateFunctionComponent 
(node_modules/react-dom/cjs/react-dom-client.development.js:10166:19)
      at beginWork 
(node_modules/react-dom/cjs/react-dom-client.development.js:11778:18)
      at runWithFiberInDEV 
(node_modules/react-dom/cjs/react-dom-client.development.js:874:13)
      at performUnitOfWork 
(node_modules/react-dom/cjs/react-dom-client.development.js:17641:22)
      at workLoopSync 
(node_modules/react-dom/cjs/react-dom-client.development.js:17469:41)
      at renderRootSync 
(node_modules/react-dom/cjs/react-dom-client.development.js:17450:11)
      at performWorkOnRoot 
(node_modules/react-dom/cjs/react-dom-client.development.js:16583:35)
      at performWorkOnRootViaSchedulerTask 
(node_modules/react-dom/cjs/react-dom-client.development.js:18957:7)
      at flushActQueue (node_modules/react/cjs/react.development.js:590:34)
      at process.env.NODE_ENV.exports.act 
(node_modules/react/cjs/react.development.js:884:10)
      at node_modules/@testing-library/react/dist/act-compat.js:46:25
      at renderRoot (node_modules/@testing-library/react/dist/pure.js:189:26)
      at render (node_modules/@testing-library/react/dist/pure.js:291:10)
      at Object.<anonymous> (src/units.test.js:595:13)

  ΓùÅ SearchContacts - Unit Tests ΓÇ║ search validation ΓÇ║ does not call API 
when empty

    TypeError: Cannot destructure property 'user' of '(0 , 
_react.useContext)(...)' as it is undefined.

    [0m [90m  5 |[39m
     [90m  6 |[39m [36mconst[39m [33mSearchContacts[39m [33m=[39m ({ 
onContactAdded[33m,[39m onClose }) [33m=>[39m {
    [31m[1m>[22m[39m[90m  7 |[39m   [36mconst[39m { user } [33m=[39m 
useContext([33mAuthContext[39m)[33m;[39m
     [90m    |[39m           [31m[1m^[22m[39m
     [90m  8 |[39m   [36mconst[39m [searchQuery[33m,[39m setSearchQuery] 
[33m=[39m useState([32m""[39m)[33m;[39m
     [90m  9 |[39m   [36mconst[39m [searchResults[33m,[39m 
setSearchResults] [33m=[39m useState([])[33m;[39m
     [90m 10 |[39m   [36mconst[39m [loading[33m,[39m setLoading] 
[33m=[39m useState([36mfalse[39m)[33m;[39m[0m

      at user (src/components/SearchContacts.js:7:11)
      at Object.react_stack_bottom_frame 
(node_modules/react-dom/cjs/react-dom-client.development.js:25904:20)
      at renderWithHooks 
(node_modules/react-dom/cjs/react-dom-client.development.js:7662:22)
      at updateFunctionComponent 
(node_modules/react-dom/cjs/react-dom-client.development.js:10166:19)
      at beginWork 
(node_modules/react-dom/cjs/react-dom-client.development.js:11778:18)
      at runWithFiberInDEV 
(node_modules/react-dom/cjs/react-dom-client.development.js:874:13)
      at performUnitOfWork 
(node_modules/react-dom/cjs/react-dom-client.development.js:17641:22)
      at workLoopSync 
(node_modules/react-dom/cjs/react-dom-client.development.js:17469:41)
      at renderRootSync 
(node_modules/react-dom/cjs/react-dom-client.development.js:17450:11)
      at performWorkOnRoot 
(node_modules/react-dom/cjs/react-dom-client.development.js:16583:35)
      at performWorkOnRootViaSchedulerTask 
(node_modules/react-dom/cjs/react-dom-client.development.js:18957:7)
      at flushActQueue (node_modules/react/cjs/react.development.js:590:34)
      at process.env.NODE_ENV.exports.act 
(node_modules/react/cjs/react.development.js:884:10)
      at node_modules/@testing-library/react/dist/act-compat.js:46:25
      at renderRoot (node_modules/@testing-library/react/dist/pure.js:189:26)
      at render (node_modules/@testing-library/react/dist/pure.js:291:10)
      at Object.<anonymous> (src/units.test.js:603:13)

  ΓùÅ SearchContacts - Unit Tests ΓÇ║ search validation ΓÇ║ does not call API 
for whitespace

    TypeError: Cannot destructure property 'user' of '(0 , 
_react.useContext)(...)' as it is undefined.

    [0m [90m  5 |[39m
     [90m  6 |[39m [36mconst[39m [33mSearchContacts[39m [33m=[39m ({ 
onContactAdded[33m,[39m onClose }) [33m=>[39m {
    [31m[1m>[22m[39m[90m  7 |[39m   [36mconst[39m { user } [33m=[39m 
useContext([33mAuthContext[39m)[33m;[39m
     [90m    |[39m           [31m[1m^[22m[39m
     [90m  8 |[39m   [36mconst[39m [searchQuery[33m,[39m setSearchQuery] 
[33m=[39m useState([32m""[39m)[33m;[39m
     [90m  9 |[39m   [36mconst[39m [searchResults[33m,[39m 
setSearchResults] [33m=[39m useState([])[33m;[39m
     [90m 10 |[39m   [36mconst[39m [loading[33m,[39m setLoading] 
[33m=[39m useState([36mfalse[39m)[33m;[39m[0m

      at user (src/components/SearchContacts.js:7:11)
      at Object.react_stack_bottom_frame 
(node_modules/react-dom/cjs/react-dom-client.development.js:25904:20)
      at renderWithHooks 
(node_modules/react-dom/cjs/react-dom-client.development.js:7662:22)
      at updateFunctionComponent 
(node_modules/react-dom/cjs/react-dom-client.development.js:10166:19)
      at beginWork 
(node_modules/react-dom/cjs/react-dom-client.development.js:11778:18)
      at runWithFiberInDEV 
(node_modules/react-dom/cjs/react-dom-client.development.js:874:13)
      at performUnitOfWork 
(node_modules/react-dom/cjs/react-dom-client.development.js:17641:22)
      at workLoopSync 
(node_modules/react-dom/cjs/react-dom-client.development.js:17469:41)
      at renderRootSync 
(node_modules/react-dom/cjs/react-dom-client.development.js:17450:11)
      at performWorkOnRoot 
(node_modules/react-dom/cjs/react-dom-client.development.js:16583:35)
      at performWorkOnRootViaSchedulerTask 
(node_modules/react-dom/cjs/react-dom-client.development.js:18957:7)
      at flushActQueue (node_modules/react/cjs/react.development.js:590:34)
      at process.env.NODE_ENV.exports.act 
(node_modules/react/cjs/react.development.js:884:10)
      at node_modules/@testing-library/react/dist/act-compat.js:46:25
      at renderRoot (node_modules/@testing-library/react/dist/pure.js:189:26)
      at render (node_modules/@testing-library/react/dist/pure.js:291:10)
      at Object.<anonymous> (src/units.test.js:610:13)

  ΓùÅ SearchContacts - Unit Tests ΓÇ║ API interaction ΓÇ║ calls search API 
with query

    TypeError: Cannot destructure property 'user' of '(0 , 
_react.useContext)(...)' as it is undefined.

    [0m [90m  5 |[39m
     [90m  6 |[39m [36mconst[39m [33mSearchContacts[39m [33m=[39m ({ 
onContactAdded[33m,[39m onClose }) [33m=>[39m {
    [31m[1m>[22m[39m[90m  7 |[39m   [36mconst[39m { user } [33m=[39m 
useContext([33mAuthContext[39m)[33m;[39m
     [90m    |[39m           [31m[1m^[22m[39m
     [90m  8 |[39m   [36mconst[39m [searchQuery[33m,[39m setSearchQuery] 
[33m=[39m useState([32m""[39m)[33m;[39m
     [90m  9 |[39m   [36mconst[39m [searchResults[33m,[39m 
setSearchResults] [33m=[39m useState([])[33m;[39m
     [90m 10 |[39m   [36mconst[39m [loading[33m,[39m setLoading] 
[33m=[39m useState([36mfalse[39m)[33m;[39m[0m

      at user (src/components/SearchContacts.js:7:11)
      at Object.react_stack_bottom_frame 
(node_modules/react-dom/cjs/react-dom-client.development.js:25904:20)
      at renderWithHooks 
(node_modules/react-dom/cjs/react-dom-client.development.js:7662:22)
      at updateFunctionComponent 
(node_modules/react-dom/cjs/react-dom-client.development.js:10166:19)
      at beginWork 
(node_modules/react-dom/cjs/react-dom-client.development.js:11778:18)
      at runWithFiberInDEV 
(node_modules/react-dom/cjs/react-dom-client.development.js:874:13)
      at performUnitOfWork 
(node_modules/react-dom/cjs/react-dom-client.development.js:17641:22)
      at workLoopSync 
(node_modules/react-dom/cjs/react-dom-client.development.js:17469:41)
      at renderRootSync 
(node_modules/react-dom/cjs/react-dom-client.development.js:17450:11)
      at performWorkOnRoot 
(node_modules/react-dom/cjs/react-dom-client.development.js:16583:35)
      at performWorkOnRootViaSchedulerTask 
(node_modules/react-dom/cjs/react-dom-client.development.js:18957:7)
      at flushActQueue (node_modules/react/cjs/react.development.js:590:34)
      at process.env.NODE_ENV.exports.act 
(node_modules/react/cjs/react.development.js:884:10)
      at node_modules/@testing-library/react/dist/act-compat.js:46:25
      at renderRoot (node_modules/@testing-library/react/dist/pure.js:189:26)
      at render (node_modules/@testing-library/react/dist/pure.js:291:10)
      at Object.<anonymous> (src/units.test.js:621:13)

  ΓùÅ SearchContacts - Unit Tests ΓÇ║ API interaction ΓÇ║ preserves whitespace 
in search query

    TypeError: Cannot destructure property 'user' of '(0 , 
_react.useContext)(...)' as it is undefined.

    [0m [90m  5 |[39m
     [90m  6 |[39m [36mconst[39m [33mSearchContacts[39m [33m=[39m ({ 
onContactAdded[33m,[39m onClose }) [33m=>[39m {
    [31m[1m>[22m[39m[90m  7 |[39m   [36mconst[39m { user } [33m=[39m 
useContext([33mAuthContext[39m)[33m;[39m
     [90m    |[39m           [31m[1m^[22m[39m
     [90m  8 |[39m   [36mconst[39m [searchQuery[33m,[39m setSearchQuery] 
[33m=[39m useState([32m""[39m)[33m;[39m
     [90m  9 |[39m   [36mconst[39m [searchResults[33m,[39m 
setSearchResults] [33m=[39m useState([])[33m;[39m
     [90m 10 |[39m   [36mconst[39m [loading[33m,[39m setLoading] 
[33m=[39m useState([36mfalse[39m)[33m;[39m[0m

      at user (src/components/SearchContacts.js:7:11)
      at Object.react_stack_bottom_frame 
(node_modules/react-dom/cjs/react-dom-client.development.js:25904:20)
      at renderWithHooks 
(node_modules/react-dom/cjs/react-dom-client.development.js:7662:22)
      at updateFunctionComponent 
(node_modules/react-dom/cjs/react-dom-client.development.js:10166:19)
      at beginWork 
(node_modules/react-dom/cjs/react-dom-client.development.js:11778:18)
      at runWithFiberInDEV 
(node_modules/react-dom/cjs/react-dom-client.development.js:874:13)
      at performUnitOfWork 
(node_modules/react-dom/cjs/react-dom-client.development.js:17641:22)
      at workLoopSync 
(node_modules/react-dom/cjs/react-dom-client.development.js:17469:41)
      at renderRootSync 
(node_modules/react-dom/cjs/react-dom-client.development.js:17450:11)
      at performWorkOnRoot 
(node_modules/react-dom/cjs/react-dom-client.development.js:16583:35)
      at performWorkOnRootViaSchedulerTask 
(node_modules/react-dom/cjs/react-dom-client.development.js:18957:7)
      at flushActQueue (node_modules/react/cjs/react.development.js:590:34)
      at process.env.NODE_ENV.exports.act 
(node_modules/react/cjs/react.development.js:884:10)
      at node_modules/@testing-library/react/dist/act-compat.js:46:25
      at renderRoot (node_modules/@testing-library/react/dist/pure.js:189:26)
      at render (node_modules/@testing-library/react/dist/pure.js:291:10)
      at Object.<anonymous> (src/units.test.js:632:13)

  ΓùÅ SearchContacts - Unit Tests ΓÇ║ result rendering ΓÇ║ displays search 
results

    TypeError: Cannot destructure property 'user' of '(0 , 
_react.useContext)(...)' as it is undefined.

    [0m [90m  5 |[39m
     [90m  6 |[39m [36mconst[39m [33mSearchContacts[39m [33m=[39m ({ 
onContactAdded[33m,[39m onClose }) [33m=>[39m {
    [31m[1m>[22m[39m[90m  7 |[39m   [36mconst[39m { user } [33m=[39m 
useContext([33mAuthContext[39m)[33m;[39m
     [90m    |[39m           [31m[1m^[22m[39m
     [90m  8 |[39m   [36mconst[39m [searchQuery[33m,[39m setSearchQuery] 
[33m=[39m useState([32m""[39m)[33m;[39m
     [90m  9 |[39m   [36mconst[39m [searchResults[33m,[39m 
setSearchResults] [33m=[39m useState([])[33m;[39m
     [90m 10 |[39m   [36mconst[39m [loading[33m,[39m setLoading] 
[33m=[39m useState([36mfalse[39m)[33m;[39m[0m

      at user (src/components/SearchContacts.js:7:11)
      at Object.react_stack_bottom_frame 
(node_modules/react-dom/cjs/react-dom-client.development.js:25904:20)
      at renderWithHooks 
(node_modules/react-dom/cjs/react-dom-client.development.js:7662:22)
      at updateFunctionComponent 
(node_modules/react-dom/cjs/react-dom-client.development.js:10166:19)
      at beginWork 
(node_modules/react-dom/cjs/react-dom-client.development.js:11778:18)
      at runWithFiberInDEV 
(node_modules/react-dom/cjs/react-dom-client.development.js:874:13)
      at performUnitOfWork 
(node_modules/react-dom/cjs/react-dom-client.development.js:17641:22)
      at workLoopSync 
(node_modules/react-dom/cjs/react-dom-client.development.js:17469:41)
      at renderRootSync 
(node_modules/react-dom/cjs/react-dom-client.development.js:17450:11)
      at performWorkOnRoot 
(node_modules/react-dom/cjs/react-dom-client.development.js:16583:35)
      at performWorkOnRootViaSchedulerTask 
(node_modules/react-dom/cjs/react-dom-client.development.js:18957:7)
      at flushActQueue (node_modules/react/cjs/react.development.js:590:34)
      at process.env.NODE_ENV.exports.act 
(node_modules/react/cjs/react.development.js:884:10)
      at node_modules/@testing-library/react/dist/act-compat.js:46:25
      at renderRoot (node_modules/@testing-library/react/dist/pure.js:189:26)
      at render (node_modules/@testing-library/react/dist/pure.js:291:10)
      at Object.<anonymous> (src/units.test.js:645:13)

  ΓùÅ SearchContacts - Unit Tests ΓÇ║ result rendering ΓÇ║ displays 'No 
contacts found' when empty

    TypeError: Cannot destructure property 'user' of '(0 , 
_react.useContext)(...)' as it is undefined.

    [0m [90m  5 |[39m
     [90m  6 |[39m [36mconst[39m [33mSearchContacts[39m [33m=[39m ({ 
onContactAdded[33m,[39m onClose }) [33m=>[39m {
    [31m[1m>[22m[39m[90m  7 |[39m   [36mconst[39m { user } [33m=[39m 
useContext([33mAuthContext[39m)[33m;[39m
     [90m    |[39m           [31m[1m^[22m[39m
     [90m  8 |[39m   [36mconst[39m [searchQuery[33m,[39m setSearchQuery] 
[33m=[39m useState([32m""[39m)[33m;[39m
     [90m  9 |[39m   [36mconst[39m [searchResults[33m,[39m 
setSearchResults] [33m=[39m useState([])[33m;[39m
     [90m 10 |[39m   [36mconst[39m [loading[33m,[39m setLoading] 
[33m=[39m useState([36mfalse[39m)[33m;[39m[0m

      at user (src/components/SearchContacts.js:7:11)
      at Object.react_stack_bottom_frame 
(node_modules/react-dom/cjs/react-dom-client.development.js:25904:20)
      at renderWithHooks 
(node_modules/react-dom/cjs/react-dom-client.development.js:7662:22)
      at updateFunctionComponent 
(node_modules/react-dom/cjs/react-dom-client.development.js:10166:19)
      at beginWork 
(node_modules/react-dom/cjs/react-dom-client.development.js:11778:18)
      at runWithFiberInDEV 
(node_modules/react-dom/cjs/react-dom-client.development.js:874:13)
      at performUnitOfWork 
(node_modules/react-dom/cjs/react-dom-client.development.js:17641:22)
      at workLoopSync 
(node_modules/react-dom/cjs/react-dom-client.development.js:17469:41)
      at renderRootSync 
(node_modules/react-dom/cjs/react-dom-client.development.js:17450:11)
      at performWorkOnRoot 
(node_modules/react-dom/cjs/react-dom-client.development.js:16583:35)
      at performWorkOnRootViaSchedulerTask 
(node_modules/react-dom/cjs/react-dom-client.development.js:18957:7)
      at flushActQueue (node_modules/react/cjs/react.development.js:590:34)
      at process.env.NODE_ENV.exports.act 
(node_modules/react/cjs/react.development.js:884:10)
      at node_modules/@testing-library/react/dist/act-compat.js:46:25
      at renderRoot (node_modules/@testing-library/react/dist/pure.js:189:26)
      at render (node_modules/@testing-library/react/dist/pure.js:291:10)
      at Object.<anonymous> (src/units.test.js:657:13)

  ΓùÅ SearchContacts - Unit Tests ΓÇ║ contact selection ΓÇ║ toggles selection 
on click

    TypeError: Cannot destructure property 'user' of '(0 , 
_react.useContext)(...)' as it is undefined.

    [0m [90m  5 |[39m
     [90m  6 |[39m [36mconst[39m [33mSearchContacts[39m [33m=[39m ({ 
onContactAdded[33m,[39m onClose }) [33m=>[39m {
    [31m[1m>[22m[39m[90m  7 |[39m   [36mconst[39m { user } [33m=[39m 
useContext([33mAuthContext[39m)[33m;[39m
     [90m    |[39m           [31m[1m^[22m[39m
     [90m  8 |[39m   [36mconst[39m [searchQuery[33m,[39m setSearchQuery] 
[33m=[39m useState([32m""[39m)[33m;[39m
     [90m  9 |[39m   [36mconst[39m [searchResults[33m,[39m 
setSearchResults] [33m=[39m useState([])[33m;[39m
     [90m 10 |[39m   [36mconst[39m [loading[33m,[39m setLoading] 
[33m=[39m useState([36mfalse[39m)[33m;[39m[0m

      at user (src/components/SearchContacts.js:7:11)
      at Object.react_stack_bottom_frame 
(node_modules/react-dom/cjs/react-dom-client.development.js:25904:20)
      at renderWithHooks 
(node_modules/react-dom/cjs/react-dom-client.development.js:7662:22)
      at updateFunctionComponent 
(node_modules/react-dom/cjs/react-dom-client.development.js:10166:19)
      at beginWork 
(node_modules/react-dom/cjs/react-dom-client.development.js:11778:18)
      at runWithFiberInDEV 
(node_modules/react-dom/cjs/react-dom-client.development.js:874:13)
      at performUnitOfWork 
(node_modules/react-dom/cjs/react-dom-client.development.js:17641:22)
      at workLoopSync 
(node_modules/react-dom/cjs/react-dom-client.development.js:17469:41)
      at renderRootSync 
(node_modules/react-dom/cjs/react-dom-client.development.js:17450:11)
      at performWorkOnRoot 
(node_modules/react-dom/cjs/react-dom-client.development.js:16583:35)
      at performWorkOnRootViaSchedulerTask 
(node_modules/react-dom/cjs/react-dom-client.development.js:18957:7)
      at flushActQueue (node_modules/react/cjs/react.development.js:590:34)
      at process.env.NODE_ENV.exports.act 
(node_modules/react/cjs/react.development.js:884:10)
      at node_modules/@testing-library/react/dist/act-compat.js:46:25
      at renderRoot (node_modules/@testing-library/react/dist/pure.js:189:26)
      at render (node_modules/@testing-library/react/dist/pure.js:291:10)
      at Object.<anonymous> (src/units.test.js:670:13)

  ΓùÅ SearchContacts - Unit Tests ΓÇ║ contact selection ΓÇ║ displays selection 
count

    TypeError: Cannot destructure property 'user' of '(0 , 
_react.useContext)(...)' as it is undefined.

    [0m [90m  5 |[39m
     [90m  6 |[39m [36mconst[39m [33mSearchContacts[39m [33m=[39m ({ 
onContactAdded[33m,[39m onClose }) [33m=>[39m {
    [31m[1m>[22m[39m[90m  7 |[39m   [36mconst[39m { user } [33m=[39m 
useContext([33mAuthContext[39m)[33m;[39m
     [90m    |[39m           [31m[1m^[22m[39m
     [90m  8 |[39m   [36mconst[39m [searchQuery[33m,[39m setSearchQuery] 
[33m=[39m useState([32m""[39m)[33m;[39m
     [90m  9 |[39m   [36mconst[39m [searchResults[33m,[39m 
setSearchResults] [33m=[39m useState([])[33m;[39m
     [90m 10 |[39m   [36mconst[39m [loading[33m,[39m setLoading] 
[33m=[39m useState([36mfalse[39m)[33m;[39m[0m

      at user (src/components/SearchContacts.js:7:11)
      at Object.react_stack_bottom_frame 
(node_modules/react-dom/cjs/react-dom-client.development.js:25904:20)
      at renderWithHooks 
(node_modules/react-dom/cjs/react-dom-client.development.js:7662:22)
      at updateFunctionComponent 
(node_modules/react-dom/cjs/react-dom-client.development.js:10166:19)
      at beginWork 
(node_modules/react-dom/cjs/react-dom-client.development.js:11778:18)
      at runWithFiberInDEV 
(node_modules/react-dom/cjs/react-dom-client.development.js:874:13)
      at performUnitOfWork 
(node_modules/react-dom/cjs/react-dom-client.development.js:17641:22)
      at workLoopSync 
(node_modules/react-dom/cjs/react-dom-client.development.js:17469:41)
      at renderRootSync 
(node_modules/react-dom/cjs/react-dom-client.development.js:17450:11)
      at performWorkOnRoot 
(node_modules/react-dom/cjs/react-dom-client.development.js:16583:35)
      at performWorkOnRootViaSchedulerTask 
(node_modules/react-dom/cjs/react-dom-client.development.js:18957:7)
      at flushActQueue (node_modules/react/cjs/react.development.js:590:34)
      at process.env.NODE_ENV.exports.act 
(node_modules/react/cjs/react.development.js:884:10)
      at node_modules/@testing-library/react/dist/act-compat.js:46:25
      at renderRoot (node_modules/@testing-library/react/dist/pure.js:189:26)
      at render (node_modules/@testing-library/react/dist/pure.js:291:10)
      at Object.<anonymous> (src/units.test.js:684:13)

  ΓùÅ SearchContacts - Unit Tests ΓÇ║ message button ΓÇ║ calls onContactAdded 
with selected contacts

    TypeError: Cannot destructure property 'user' of '(0 , 
_react.useContext)(...)' as it is undefined.

    [0m [90m  5 |[39m
     [90m  6 |[39m [36mconst[39m [33mSearchContacts[39m [33m=[39m ({ 
onContactAdded[33m,[39m onClose }) [33m=>[39m {
    [31m[1m>[22m[39m[90m  7 |[39m   [36mconst[39m { user } [33m=[39m 
useContext([33mAuthContext[39m)[33m;[39m
     [90m    |[39m           [31m[1m^[22m[39m
     [90m  8 |[39m   [36mconst[39m [searchQuery[33m,[39m setSearchQuery] 
[33m=[39m useState([32m""[39m)[33m;[39m
     [90m  9 |[39m   [36mconst[39m [searchResults[33m,[39m 
setSearchResults] [33m=[39m useState([])[33m;[39m
     [90m 10 |[39m   [36mconst[39m [loading[33m,[39m setLoading] 
[33m=[39m useState([36mfalse[39m)[33m;[39m[0m

      at user (src/components/SearchContacts.js:7:11)
      at Object.react_stack_bottom_frame 
(node_modules/react-dom/cjs/react-dom-client.development.js:25904:20)
      at renderWithHooks 
(node_modules/react-dom/cjs/react-dom-client.development.js:7662:22)
      at updateFunctionComponent 
(node_modules/react-dom/cjs/react-dom-client.development.js:10166:19)
      at beginWork 
(node_modules/react-dom/cjs/react-dom-client.development.js:11778:18)
      at runWithFiberInDEV 
(node_modules/react-dom/cjs/react-dom-client.development.js:874:13)
      at performUnitOfWork 
(node_modules/react-dom/cjs/react-dom-client.development.js:17641:22)
      at workLoopSync 
(node_modules/react-dom/cjs/react-dom-client.development.js:17469:41)
      at renderRootSync 
(node_modules/react-dom/cjs/react-dom-client.development.js:17450:11)
      at performWorkOnRoot 
(node_modules/react-dom/cjs/react-dom-client.development.js:16583:35)
      at performWorkOnRootViaSchedulerTask 
(node_modules/react-dom/cjs/react-dom-client.development.js:18957:7)
      at flushActQueue (node_modules/react/cjs/react.development.js:590:34)
      at process.env.NODE_ENV.exports.act 
(node_modules/react/cjs/react.development.js:884:10)
      at node_modules/@testing-library/react/dist/act-compat.js:46:25
      at renderRoot (node_modules/@testing-library/react/dist/pure.js:189:26)
      at render (node_modules/@testing-library/react/dist/pure.js:291:10)
      at Object.<anonymous> (src/units.test.js:698:13)

  ΓùÅ SearchContacts - Unit Tests ΓÇ║ error handling ΓÇ║ displays error 
message on API failure

    TypeError: Cannot destructure property 'user' of '(0 , 
_react.useContext)(...)' as it is undefined.

    [0m [90m  5 |[39m
     [90m  6 |[39m [36mconst[39m [33mSearchContacts[39m [33m=[39m ({ 
onContactAdded[33m,[39m onClose }) [33m=>[39m {
    [31m[1m>[22m[39m[90m  7 |[39m   [36mconst[39m { user } [33m=[39m 
useContext([33mAuthContext[39m)[33m;[39m
     [90m    |[39m           [31m[1m^[22m[39m
     [90m  8 |[39m   [36mconst[39m [searchQuery[33m,[39m setSearchQuery] 
[33m=[39m useState([32m""[39m)[33m;[39m
     [90m  9 |[39m   [36mconst[39m [searchResults[33m,[39m 
setSearchResults] [33m=[39m useState([])[33m;[39m
     [90m 10 |[39m   [36mconst[39m [loading[33m,[39m setLoading] 
[33m=[39m useState([36mfalse[39m)[33m;[39m[0m

      at user (src/components/SearchContacts.js:7:11)
      at Object.react_stack_bottom_frame 
(node_modules/react-dom/cjs/react-dom-client.development.js:25904:20)
      at renderWithHooks 
(node_modules/react-dom/cjs/react-dom-client.development.js:7662:22)
      at updateFunctionComponent 
(node_modules/react-dom/cjs/react-dom-client.development.js:10166:19)
      at beginWork 
(node_modules/react-dom/cjs/react-dom-client.development.js:11778:18)
      at runWithFiberInDEV 
(node_modules/react-dom/cjs/react-dom-client.development.js:874:13)
      at performUnitOfWork 
(node_modules/react-dom/cjs/react-dom-client.development.js:17641:22)
      at workLoopSync 
(node_modules/react-dom/cjs/react-dom-client.development.js:17469:41)
      at renderRootSync 
(node_modules/react-dom/cjs/react-dom-client.development.js:17450:11)
      at performWorkOnRoot 
(node_modules/react-dom/cjs/react-dom-client.development.js:16583:35)
      at performWorkOnRootViaSchedulerTask 
(node_modules/react-dom/cjs/react-dom-client.development.js:18957:7)
      at flushActQueue (node_modules/react/cjs/react.development.js:590:34)
      at process.env.NODE_ENV.exports.act 
(node_modules/react/cjs/react.development.js:884:10)
      at node_modules/@testing-library/react/dist/act-compat.js:46:25
      at renderRoot (node_modules/@testing-library/react/dist/pure.js:189:26)
      at render (node_modules/@testing-library/react/dist/pure.js:291:10)
      at Object.<anonymous> (src/units.test.js:714:13)

Test Suites: 1 failed, 1 total
Tests:       11 failed, 57 passed, 68 total
Snapshots:   0 total
Time:        10.496 s
Ran all test suites matching src/units.test.js.
