
> frontend@0.1.0 test
> jest --coverage --no-coverage --watchAll=false

  console.error
    An update to SendMessage inside a test was not wrapped in act(...).
    
    When testing, code that causes React state updates should be wrapped into act(...):
    
    act(() => {
      /* fire events that update state */
    });
    /* assert on the output */
    
    This ensures that you're testing the behavior the user would see in the browser. Learn more at https://react.dev/link/wrap-tests-with-act

    [0m [90m 13 |[39m     [36mtry[39m {
     [90m 14 |[39m       [36mawait[39m onSendMessage(message)[33m;[39m
    [31m[1m>[22m[39m[90m 15 |[39m       setMessage([32m""[39m)[33m;[39m
     [90m    |[39m       [31m[1m^[22m[39m
     [90m 16 |[39m     } [36mcatch[39m (err) {
     [90m 17 |[39m       console[33m.[39merror([32m"Failed to send message:"[39m[33m,[39m err)[33m;[39m
     [90m 18 |[39m     } [36mfinally[39m {[0m

      at node_modules/react-dom/cjs/react-dom-client.development.js:18758:19
      at runWithFiberInDEV (node_modules/react-dom/cjs/react-dom-client.development.js:874:13)
      at warnIfUpdatesNotWrappedWithActDEV (node_modules/react-dom/cjs/react-dom-client.development.js:18757:9)
      at scheduleUpdateOnFiber (node_modules/react-dom/cjs/react-dom-client.development.js:16409:11)
      at dispatchSetStateInternal (node_modules/react-dom/cjs/react-dom-client.development.js:9170:13)
      at dispatchSetState (node_modules/react-dom/cjs/react-dom-client.development.js:9127:7)
      at setMessage (src/components/SendMessage.js:15:7)

  console.error
    An update to SendMessage inside a test was not wrapped in act(...).
    
    When testing, code that causes React state updates should be wrapped into act(...):
    
    act(() => {
      /* fire events that update state */
    });
    /* assert on the output */
    
    This ensures that you're testing the behavior the user would see in the browser. Learn more at https://react.dev/link/wrap-tests-with-act

    [0m [90m 17 |[39m       console[33m.[39merror([32m"Failed to send message:"[39m[33m,[39m err)[33m;[39m
     [90m 18 |[39m     } [36mfinally[39m {
    [31m[1m>[22m[39m[90m 19 |[39m       setLoading([36mfalse[39m)[33m;[39m
     [90m    |[39m       [31m[1m^[22m[39m
     [90m 20 |[39m     }
     [90m 21 |[39m   }[33m;[39m
     [90m 22 |[39m[0m

      at node_modules/react-dom/cjs/react-dom-client.development.js:18758:19
      at runWithFiberInDEV (node_modules/react-dom/cjs/react-dom-client.development.js:874:13)
      at warnIfUpdatesNotWrappedWithActDEV (node_modules/react-dom/cjs/react-dom-client.development.js:18757:9)
      at scheduleUpdateOnFiber (node_modules/react-dom/cjs/react-dom-client.development.js:16409:11)
      at dispatchSetStateInternal (node_modules/react-dom/cjs/react-dom-client.development.js:9170:13)
      at dispatchSetState (node_modules/react-dom/cjs/react-dom-client.development.js:9127:7)
      at setLoading (src/components/SendMessage.js:19:7)

  console.error
    Failed to send message: Error: Network error
        at Object.<anonymous> (C:\Users\zombi\chat\frontend\src\frontend.test.js:282:48)
        at Promise.finally.completed (C:\Users\zombi\chat\frontend\node_modules\jest-circus\build\jestAdapterInit.js:1557:28)
        at new Promise (<anonymous>)
        at callAsyncCircusFn (C:\Users\zombi\chat\frontend\node_modules\jest-circus\build\jestAdapterInit.js:1497:10)
        at _callCircusTest (C:\Users\zombi\chat\frontend\node_modules\jest-circus\build\jestAdapterInit.js:1007:40)
        at _runTest (C:\Users\zombi\chat\frontend\node_modules\jest-circus\build\jestAdapterInit.js:947:3)
        at C:\Users\zombi\chat\frontend\node_modules\jest-circus\build\jestAdapterInit.js:849:7
        at _runTestsForDescribeBlock (C:\Users\zombi\chat\frontend\node_modules\jest-circus\build\jestAdapterInit.js:862:11)
        at _runTestsForDescribeBlock (C:\Users\zombi\chat\frontend\node_modules\jest-circus\build\jestAdapterInit.js:857:11)
        at run (C:\Users\zombi\chat\frontend\node_modules\jest-circus\build\jestAdapterInit.js:761:3)
        at runAndTransformResultsToJestFormat (C:\Users\zombi\chat\frontend\node_modules\jest-circus\build\jestAdapterInit.js:1918:21)
        at jestAdapter (C:\Users\zombi\chat\frontend\node_modules\jest-circus\build\runner.js:101:19)
        at runTestInternal (C:\Users\zombi\chat\frontend\node_modules\jest-runner\build\index.js:275:16)
        at runTest (C:\Users\zombi\chat\frontend\node_modules\jest-runner\build\index.js:343:7)

    [0m [90m 15 |[39m       setMessage([32m""[39m)[33m;[39m
     [90m 16 |[39m     } [36mcatch[39m (err) {
    [31m[1m>[22m[39m[90m 17 |[39m       console[33m.[39merror([32m"Failed to send message:"[39m[33m,[39m err)[33m;[39m
     [90m    |[39m               [31m[1m^[22m[39m
     [90m 18 |[39m     } [36mfinally[39m {
     [90m 19 |[39m       setLoading([36mfalse[39m)[33m;[39m
     [90m 20 |[39m     }[0m

      at error (src/components/SendMessage.js:17:15)

  console.error
    An update to Login inside a test was not wrapped in act(...).
    
    When testing, code that causes React state updates should be wrapped into act(...):
    
    act(() => {
      /* fire events that update state */
    });
    /* assert on the output */
    
    This ensures that you're testing the behavior the user would see in the browser. Learn more at https://react.dev/link/wrap-tests-with-act

    [0m [90m 23 |[39m       setLocalError(err[33m.[39mresponse[33m?[39m[33m.[39mdata[33m?[39m[33m.[39mmessage [33m||[39m [32m"Login failed"[39m)[33m;[39m
     [90m 24 |[39m     } [36mfinally[39m {
    [31m[1m>[22m[39m[90m 25 |[39m       setLoading([36mfalse[39m)[33m;[39m
     [90m    |[39m       [31m[1m^[22m[39m
     [90m 26 |[39m     }
     [90m 27 |[39m   }[33m;[39m
     [90m 28 |[39m[0m

      at node_modules/react-dom/cjs/react-dom-client.development.js:18758:19
      at runWithFiberInDEV (node_modules/react-dom/cjs/react-dom-client.development.js:874:13)
      at warnIfUpdatesNotWrappedWithActDEV (node_modules/react-dom/cjs/react-dom-client.development.js:18757:9)
      at scheduleUpdateOnFiber (node_modules/react-dom/cjs/react-dom-client.development.js:16409:11)
      at dispatchSetStateInternal (node_modules/react-dom/cjs/react-dom-client.development.js:9170:13)
      at dispatchSetState (node_modules/react-dom/cjs/react-dom-client.development.js:9127:7)
      at setLoading (src/components/Login.js:25:7)

  console.error
    Signup error caught: { response: { data: { message: 'Email already in use' } } }

    [0m [90m 23 |[39m       navigate([32m"/chat"[39m)[33m;[39m
     [90m 24 |[39m     } [36mcatch[39m (err) {
    [31m[1m>[22m[39m[90m 25 |[39m       console[33m.[39merror([32m"Signup error caught:"[39m[33m,[39m err)[33m;[39m
     [90m    |[39m               [31m[1m^[22m[39m
     [90m 26 |[39m       [36mconst[39m errorMsg [33m=[39m err[33m.[39mresponse[33m?[39m[33m.[39mdata[33m?[39m[33m.[39mmessage [33m||[39m err[33m.[39mmessage [33m||[39m [32m"Signup failed"[39m[33m;[39m
     [90m 27 |[39m       console[33m.[39merror([32m"Error message:"[39m[33m,[39m errorMsg)[33m;[39m
     [90m 28 |[39m       setLocalError(errorMsg)[33m;[39m[0m

      at error (src/components/Signup.js:25:15)

  console.error
    Error message: Email already in use

    [0m [90m 25 |[39m       console[33m.[39merror([32m"Signup error caught:"[39m[33m,[39m err)[33m;[39m
     [90m 26 |[39m       [36mconst[39m errorMsg [33m=[39m err[33m.[39mresponse[33m?[39m[33m.[39mdata[33m?[39m[33m.[39mmessage [33m||[39m err[33m.[39mmessage [33m||[39m [32m"Signup failed"[39m[33m;[39m
    [31m[1m>[22m[39m[90m 27 |[39m       console[33m.[39merror([32m"Error message:"[39m[33m,[39m errorMsg)[33m;[39m
     [90m    |[39m               [31m[1m^[22m[39m
     [90m 28 |[39m       setLocalError(errorMsg)[33m;[39m
     [90m 29 |[39m     } [36mfinally[39m {
     [90m 30 |[39m       setLoading([36mfalse[39m)[33m;[39m[0m

      at error (src/components/Signup.js:27:15)

  console.error
    An update to Signup inside a test was not wrapped in act(...).
    
    When testing, code that causes React state updates should be wrapped into act(...):
    
    act(() => {
      /* fire events that update state */
    });
    /* assert on the output */
    
    This ensures that you're testing the behavior the user would see in the browser. Learn more at https://react.dev/link/wrap-tests-with-act

    [0m [90m 28 |[39m       setLocalError(errorMsg)[33m;[39m
     [90m 29 |[39m     } [36mfinally[39m {
    [31m[1m>[22m[39m[90m 30 |[39m       setLoading([36mfalse[39m)[33m;[39m
     [90m    |[39m       [31m[1m^[22m[39m
     [90m 31 |[39m     }
     [90m 32 |[39m   }[33m;[39m
     [90m 33 |[39m[0m

      at node_modules/react-dom/cjs/react-dom-client.development.js:18758:19
      at runWithFiberInDEV (node_modules/react-dom/cjs/react-dom-client.development.js:874:13)
      at warnIfUpdatesNotWrappedWithActDEV (node_modules/react-dom/cjs/react-dom-client.development.js:18757:9)
      at scheduleUpdateOnFiber (node_modules/react-dom/cjs/react-dom-client.development.js:16409:11)
      at dispatchSetStateInternal (node_modules/react-dom/cjs/react-dom-client.development.js:9170:13)
      at dispatchSetState (node_modules/react-dom/cjs/react-dom-client.development.js:9127:7)
      at setLoading (src/components/Signup.js:30:7)

  console.log
    Searching for: Dave

      at log (src/components/SearchContacts.js:23:15)

  console.log
    Search response: {
      contacts: [
        {
          _id: 'u1',
          firstName: 'Dave',
          lastName: 'Brown',
          email: 'dave@example.com'
        },
        {
          _id: 'u2',
          firstName: 'Eve',
          lastName: 'Clark',
          email: 'eve@example.com'
        }
      ]
    }

      at log (src/components/SearchContacts.js:27:15)

  console.log
    Searching for: Dave

      at log (src/components/SearchContacts.js:23:15)

  console.log
    Search response: {
      contacts: [
        {
          _id: 'u1',
          firstName: 'Dave',
          lastName: 'Brown',
          email: 'dave@example.com'
        },
        {
          _id: 'u2',
          firstName: 'Eve',
          lastName: 'Clark',
          email: 'eve@example.com'
        }
      ]
    }

      at log (src/components/SearchContacts.js:27:15)

  console.log
    Searching for: XYZ

      at log (src/components/SearchContacts.js:23:15)

  console.log
    Search response: { contacts: [] }

      at log (src/components/SearchContacts.js:27:15)

  console.log
    Searching for: Dave

      at log (src/components/SearchContacts.js:23:15)

  console.log
    Search response: {
      contacts: [
        {
          _id: 'u1',
          firstName: 'Dave',
          lastName: 'Brown',
          email: 'dave@example.com'
        },
        {
          _id: 'u2',
          firstName: 'Eve',
          lastName: 'Clark',
          email: 'eve@example.com'
        }
      ]
    }

      at log (src/components/SearchContacts.js:27:15)

  console.log
    Searching for: a

      at log (src/components/SearchContacts.js:23:15)

  console.log
    Search response: {
      contacts: [
        {
          _id: 'u1',
          firstName: 'Dave',
          lastName: 'Brown',
          email: 'dave@example.com'
        },
        {
          _id: 'u2',
          firstName: 'Eve',
          lastName: 'Clark',
          email: 'eve@example.com'
        }
      ]
    }

      at log (src/components/SearchContacts.js:27:15)

  console.log
    Searching for: a

      at log (src/components/SearchContacts.js:23:15)

  console.log
    Search response: {
      contacts: [
        {
          _id: 'u1',
          firstName: 'Dave',
          lastName: 'Brown',
          email: 'dave@example.com'
        },
        {
          _id: 'u2',
          firstName: 'Eve',
          lastName: 'Clark',
          email: 'eve@example.com'
        }
      ]
    }

      at log (src/components/SearchContacts.js:27:15)

  console.log
    Adding contacts to chat list

      at log (src/components/SearchContacts.js:61:13)

  console.log
    Searching for: test

      at log (src/components/SearchContacts.js:23:15)

  console.error
    Search error - Status: undefined

    [0m [90m 31 |[39m       setSearchResults([33mArray[39m[33m.[39misArray(results) [33m?[39m results [33m:[39m [])[33m;[39m
     [90m 32 |[39m     } [36mcatch[39m (err) {
    [31m[1m>[22m[39m[90m 33 |[39m       console[33m.[39merror([32m"Search error - Status:"[39m[33m,[39m err[33m.[39mresponse[33m?[39m[33m.[39mstatus)[33m;[39m
     [90m    |[39m               [31m[1m^[22m[39m
     [90m 34 |[39m       console[33m.[39merror([32m"Search error - Data:"[39m[33m,[39m err[33m.[39mresponse[33m?[39m[33m.[39mdata)[33m;[39m
     [90m 35 |[39m       console[33m.[39merror([32m"Search error - Message:"[39m[33m,[39m err[33m.[39mmessage)[33m;[39m
     [90m 36 |[39m       setError(err[33m.[39mresponse[33m?[39m[33m.[39mdata[33m?[39m[33m.[39mmessage [33m||[39m err[33m.[39mmessage [33m||[39m [32m"Search failed"[39m)[33m;[39m[0m

      at error (src/components/SearchContacts.js:33:15)

  console.error
    Search error - Data: { message: 'Unauthorized' }

    [0m [90m 32 |[39m     } [36mcatch[39m (err) {
     [90m 33 |[39m       console[33m.[39merror([32m"Search error - Status:"[39m[33m,[39m err[33m.[39mresponse[33m?[39m[33m.[39mstatus)[33m;[39m
    [31m[1m>[22m[39m[90m 34 |[39m       console[33m.[39merror([32m"Search error - Data:"[39m[33m,[39m err[33m.[39mresponse[33m?[39m[33m.[39mdata)[33m;[39m
     [90m    |[39m               [31m[1m^[22m[39m
     [90m 35 |[39m       console[33m.[39merror([32m"Search error - Message:"[39m[33m,[39m err[33m.[39mmessage)[33m;[39m
     [90m 36 |[39m       setError(err[33m.[39mresponse[33m?[39m[33m.[39mdata[33m?[39m[33m.[39mmessage [33m||[39m err[33m.[39mmessage [33m||[39m [32m"Search failed"[39m)[33m;[39m
     [90m 37 |[39m       setSearchResults([])[33m;[39m[0m

      at error (src/components/SearchContacts.js:34:15)

  console.error
    Search error - Message: undefined

    [0m [90m 33 |[39m       console[33m.[39merror([32m"Search error - Status:"[39m[33m,[39m err[33m.[39mresponse[33m?[39m[33m.[39mstatus)[33m;[39m
     [90m 34 |[39m       console[33m.[39merror([32m"Search error - Data:"[39m[33m,[39m err[33m.[39mresponse[33m?[39m[33m.[39mdata)[33m;[39m
    [31m[1m>[22m[39m[90m 35 |[39m       console[33m.[39merror([32m"Search error - Message:"[39m[33m,[39m err[33m.[39mmessage)[33m;[39m
     [90m    |[39m               [31m[1m^[22m[39m
     [90m 36 |[39m       setError(err[33m.[39mresponse[33m?[39m[33m.[39mdata[33m?[39m[33m.[39mmessage [33m||[39m err[33m.[39mmessage [33m||[39m [32m"Search failed"[39m)[33m;[39m
     [90m 37 |[39m       setSearchResults([])[33m;[39m
     [90m 38 |[39m     } [36mfinally[39m {[0m

      at error (src/components/SearchContacts.js:35:15)

  console.log
    Not authenticated

      at log (src/context/AuthContext.js:24:17)

  console.error
    Logout error: Error: network
        at Object.<anonymous> (C:\Users\zombi\chat\frontend\src\frontend.test.js:623:38)
        at Promise.finally.completed (C:\Users\zombi\chat\frontend\node_modules\jest-circus\build\jestAdapterInit.js:1557:28)
        at new Promise (<anonymous>)
        at callAsyncCircusFn (C:\Users\zombi\chat\frontend\node_modules\jest-circus\build\jestAdapterInit.js:1497:10)
        at _callCircusTest (C:\Users\zombi\chat\frontend\node_modules\jest-circus\build\jestAdapterInit.js:1007:40)
        at _runTest (C:\Users\zombi\chat\frontend\node_modules\jest-circus\build\jestAdapterInit.js:947:3)
        at C:\Users\zombi\chat\frontend\node_modules\jest-circus\build\jestAdapterInit.js:849:7
        at _runTestsForDescribeBlock (C:\Users\zombi\chat\frontend\node_modules\jest-circus\build\jestAdapterInit.js:862:11)
        at _runTestsForDescribeBlock (C:\Users\zombi\chat\frontend\node_modules\jest-circus\build\jestAdapterInit.js:857:11)
        at run (C:\Users\zombi\chat\frontend\node_modules\jest-circus\build\jestAdapterInit.js:761:3)
        at runAndTransformResultsToJestFormat (C:\Users\zombi\chat\frontend\node_modules\jest-circus\build\jestAdapterInit.js:1918:21)
        at jestAdapter (C:\Users\zombi\chat\frontend\node_modules\jest-circus\build\runner.js:101:19)
        at runTestInternal (C:\Users\zombi\chat\frontend\node_modules\jest-runner\build\index.js:275:16)
        at runTest (C:\Users\zombi\chat\frontend\node_modules\jest-runner\build\index.js:343:7)

    [0m [90m  97 |[39m       [36mawait[39m apiClient[33m.[39mpost([32m"/api/auth/logout"[39m)[33m;[39m
     [90m  98 |[39m     } [36mcatch[39m (err) {
    [31m[1m>[22m[39m[90m  99 |[39m       console[33m.[39merror([32m"Logout error:"[39m[33m,[39m err)[33m;[39m
     [90m     |[39m               [31m[1m^[22m[39m
     [90m 100 |[39m     } [36mfinally[39m {
     [90m 101 |[39m       localStorage[33m.[39mremoveItem([32m"authToken"[39m)[33m;[39m
     [90m 102 |[39m       setUser([36mnull[39m)[33m;[39m[0m

      at Object.error [as logout] (src/context/AuthContext.js:99:15)

  console.log
    Signup response: { user: { id: 'u6', email: 'new@test.com' } }

      at Object.log [as signup] (src/context/AuthContext.js:43:15)

node.exe : FAIL src/frontend.test.js (7.886 s)
At line:1 char:1
+ & "C:\Program Files\nodejs/node.exe" "C:\Program Files\nodejs/node_mo ...
+ ~~~~~~~~~~~~~~~~~~~~~~~~~~~~~~~~~~~~~~~~~~~~~~~~~~~~~~~~~~~~~~~~~~~~~
    + CategoryInfo          : NotSpecified: (FAIL src/frontend.test.js (7.886  
   s):String) [], RemoteException
    + FullyQualifiedErrorId : NativeCommandError
 
  MessageList
    ├ù shows empty-state prompt when there are no messages (41 ms)
    ├ù renders message content (28 ms)
    ├ù gives own messages the 'sent' CSS class (3 ms)
    ├ù gives other people's messages the 'received' CSS class (3 ms)
    ├ù correctly splits sent vs received in a mixed list (16 ms)
    ├ù reads senderId from sender._id (MongoDB populate format) (4 ms)
    ├ù reads senderId from sender.id (4 ms)
    ├ù renders a timestamp element for each message (4 ms)
    ├ù handles a missing timestamp without crashing (31 ms)
    ├ù coerces numeric senderId to string for comparison (3 ms)
    ├ù renders messages in the order they are provided (2 ms)
  ContactsList
    ΓêÜ shows 'No contacts yet' for an empty list (12 ms)
    ΓêÜ renders one row per contact (7 ms)
    ΓêÜ displays the contact's email (4 ms)
    ΓêÜ renders avatar initials from first + last name (2 ms)
    ΓêÜ calls onSelectContact with the correct contact object on click (10 ms)
    ΓêÜ calls onDeleteContact with the correct id when delete button clicked 
(5 ms)
    ΓêÜ marks the selected contact with the 'active' class (5 ms)
    ΓêÜ works when contact uses id instead of _id (3 ms)
    ΓêÜ shows error text when contacts prop is not an array (2 ms)
    ΓêÜ falls back to otherUser fields for name and email (3 ms)
  SendMessage
    ΓêÜ renders the text input and send button (66 ms)
    ΓêÜ does not call onSendMessage when input is empty (11 ms)
    ΓêÜ does not call onSendMessage for whitespace-only input (116 ms)
    ΓêÜ calls onSendMessage with the typed text (226 ms)
    ΓêÜ clears the input after a successful send (205 ms)
    ΓêÜ disables input and button while the send is in flight (140 ms)
    ΓêÜ re-enables inputs if onSendMessage rejects (219 ms)
  Login
    ΓêÜ renders email field, password field, and submit button (22 ms)
    ΓêÜ shows a link to the signup page (15 ms)
    ΓêÜ calls login() with the entered email and password (513 ms)
    ΓêÜ shows an error message when login fails (466 ms)
    ΓêÜ disables the button and shows loading text while submitting (496 ms)
    ΓêÜ shows no error on initial render (5 ms)
  Signup
    ΓêÜ renders all four fields and the submit button (12 ms)
    ΓêÜ calls signup() with email, password, firstName, lastName in the 
correct order (657 ms)
    ΓêÜ displays a server error message on failure (627 ms)
    ΓêÜ shows a link back to the login page (8 ms)
    ΓêÜ disables the button while submitting (661 ms)
  SearchContacts
    ΓêÜ renders the search input and search button (10 ms)
    ΓêÜ does not call the API when the query is empty (9 ms)
    ΓêÜ calls the search API with the entered query (124 ms)
    ΓêÜ renders the returned search results (151 ms)
    ΓêÜ shows 'No contacts found' when results are empty (139 ms)
    ΓêÜ clicking a result selects it; clicking again deselects it (149 ms)
    ΓêÜ shows selected count when one or more contacts are chosen (106 ms)
    ΓêÜ calls onContactAdded with the selected contacts when message button 
clicked (121 ms)
    ΓêÜ shows an error message when the API call fails (172 ms)
  AuthContext
    ΓêÜ starts with loading=true and no user (3 ms)
    ΓêÜ restores user when a valid token exists in localStorage (75 ms)
    ΓêÜ stays unauthenticated and skips API call when no token in localStorage 
(78 ms)
    ΓêÜ removes bad token from localStorage when /userinfo fails (79 ms)
    ΓêÜ login() sets the user on success (79 ms)
    ΓêÜ login() accepts flat response (no .user wrapper) (77 ms)
    ├ù login() exposes an error string and rethrows on failure (80 ms)
    ΓêÜ logout() clears the user and removes the token (76 ms)
    ΓêÜ logout() clears user even when the API call throws (81 ms)
    ΓêÜ signup() sets the user on success (76 ms)
    ├ù signup() exposes an error and rethrows on failure (75 ms)

  ΓùÅ MessageList ΓÇ║ shows empty-state prompt when there are no messages

    TypeError: messagesEndRef.current?.scrollIntoView is not a function

    [0m [90m  9 |[39m
     [90m 10 |[39m   useEffect(() [33m=>[39m {
    [31m[1m>[22m[39m[90m 11 |[39m     
messagesEndRef[33m.[39mcurrent[33m?[39m[33m.[39mscrollIntoView({ 
behavior[33m:[39m [32m"smooth"[39m })[33m;[39m
     [90m    |[39m                             [31m[1m^[22m[39m
     [90m 12 |[39m   }[33m,[39m [messages])[33m;[39m
     [90m 13 |[39m
     [90m 14 |[39m   [36mconst[39m formatTime [33m=[39m (timestamp) 
[33m=>[39m {[0m

      at scrollIntoView (src/components/MessageList.js:11:29)
      at Object.react_stack_bottom_frame 
(node_modules/react-dom/cjs/react-dom-client.development.js:25989:20)
      at runWithFiberInDEV 
(node_modules/react-dom/cjs/react-dom-client.development.js:874:13)
      at commitHookEffectListMount 
(node_modules/react-dom/cjs/react-dom-client.development.js:13249:29)
      at commitHookPassiveMountEffects 
(node_modules/react-dom/cjs/react-dom-client.development.js:13336:11)
      at commitPassiveMountOnFiber 
(node_modules/react-dom/cjs/react-dom-client.development.js:15484:13)
      at recursivelyTraversePassiveMountEffects 
(node_modules/react-dom/cjs/react-dom-client.development.js:15439:11)
      at commitPassiveMountOnFiber 
(node_modules/react-dom/cjs/react-dom-client.development.js:15519:11)
      at flushPassiveEffects 
(node_modules/react-dom/cjs/react-dom-client.development.js:18432:9)
      at node_modules/react-dom/cjs/react-dom-client.development.js:17923:15
      at flushActQueue (node_modules/react/cjs/react.development.js:590:34)
      at process.env.NODE_ENV.exports.act 
(node_modules/react/cjs/react.development.js:884:10)
      at node_modules/@testing-library/react/dist/act-compat.js:46:25
      at renderRoot (node_modules/@testing-library/react/dist/pure.js:189:26)
      at render (node_modules/@testing-library/react/dist/pure.js:291:10)
      at Object.<anonymous> (src/frontend.test.js:51:11)

  ΓùÅ MessageList ΓÇ║ renders message content

    TypeError: messagesEndRef.current?.scrollIntoView is not a function

    [0m [90m  9 |[39m
     [90m 10 |[39m   useEffect(() [33m=>[39m {
    [31m[1m>[22m[39m[90m 11 |[39m     
messagesEndRef[33m.[39mcurrent[33m?[39m[33m.[39mscrollIntoView({ 
behavior[33m:[39m [32m"smooth"[39m })[33m;[39m
     [90m    |[39m                             [31m[1m^[22m[39m
     [90m 12 |[39m   }[33m,[39m [messages])[33m;[39m
     [90m 13 |[39m
     [90m 14 |[39m   [36mconst[39m formatTime [33m=[39m (timestamp) 
[33m=>[39m {[0m

      at scrollIntoView (src/components/MessageList.js:11:29)
      at Object.react_stack_bottom_frame 
(node_modules/react-dom/cjs/react-dom-client.development.js:25989:20)
      at runWithFiberInDEV 
(node_modules/react-dom/cjs/react-dom-client.development.js:874:13)
      at commitHookEffectListMount 
(node_modules/react-dom/cjs/react-dom-client.development.js:13249:29)
      at commitHookPassiveMountEffects 
(node_modules/react-dom/cjs/react-dom-client.development.js:13336:11)
      at commitPassiveMountOnFiber 
(node_modules/react-dom/cjs/react-dom-client.development.js:15484:13)
      at recursivelyTraversePassiveMountEffects 
(node_modules/react-dom/cjs/react-dom-client.development.js:15439:11)
      at commitPassiveMountOnFiber 
(node_modules/react-dom/cjs/react-dom-client.development.js:15519:11)
      at flushPassiveEffects 
(node_modules/react-dom/cjs/react-dom-client.development.js:18432:9)
      at node_modules/react-dom/cjs/react-dom-client.development.js:17923:15
      at flushActQueue (node_modules/react/cjs/react.development.js:590:34)
      at process.env.NODE_ENV.exports.act 
(node_modules/react/cjs/react.development.js:884:10)
      at node_modules/@testing-library/react/dist/act-compat.js:46:25
      at renderRoot (node_modules/@testing-library/react/dist/pure.js:189:26)
      at render (node_modules/@testing-library/react/dist/pure.js:291:10)
      at Object.<anonymous> (src/frontend.test.js:56:11)

  ΓùÅ MessageList ΓÇ║ gives own messages the 'sent' CSS class

    TypeError: messagesEndRef.current?.scrollIntoView is not a function

    [0m [90m  9 |[39m
     [90m 10 |[39m   useEffect(() [33m=>[39m {
    [31m[1m>[22m[39m[90m 11 |[39m     
messagesEndRef[33m.[39mcurrent[33m?[39m[33m.[39mscrollIntoView({ 
behavior[33m:[39m [32m"smooth"[39m })[33m;[39m
     [90m    |[39m                             [31m[1m^[22m[39m
     [90m 12 |[39m   }[33m,[39m [messages])[33m;[39m
     [90m 13 |[39m
     [90m 14 |[39m   [36mconst[39m formatTime [33m=[39m (timestamp) 
[33m=>[39m {[0m

      at scrollIntoView (src/components/MessageList.js:11:29)
      at Object.react_stack_bottom_frame 
(node_modules/react-dom/cjs/react-dom-client.development.js:25989:20)
      at runWithFiberInDEV 
(node_modules/react-dom/cjs/react-dom-client.development.js:874:13)
      at commitHookEffectListMount 
(node_modules/react-dom/cjs/react-dom-client.development.js:13249:29)
      at commitHookPassiveMountEffects 
(node_modules/react-dom/cjs/react-dom-client.development.js:13336:11)
      at commitPassiveMountOnFiber 
(node_modules/react-dom/cjs/react-dom-client.development.js:15484:13)
      at recursivelyTraversePassiveMountEffects 
(node_modules/react-dom/cjs/react-dom-client.development.js:15439:11)
      at commitPassiveMountOnFiber 
(node_modules/react-dom/cjs/react-dom-client.development.js:15519:11)
      at flushPassiveEffects 
(node_modules/react-dom/cjs/react-dom-client.development.js:18432:9)
      at node_modules/react-dom/cjs/react-dom-client.development.js:17923:15
      at flushActQueue (node_modules/react/cjs/react.development.js:590:34)
      at process.env.NODE_ENV.exports.act 
(node_modules/react/cjs/react.development.js:884:10)
      at node_modules/@testing-library/react/dist/act-compat.js:46:25
      at renderRoot (node_modules/@testing-library/react/dist/pure.js:189:26)
      at render (node_modules/@testing-library/react/dist/pure.js:291:10)
      at Object.<anonymous> (src/frontend.test.js:62:33)

  ΓùÅ MessageList ΓÇ║ gives other people's messages the 'received' CSS class

    TypeError: messagesEndRef.current?.scrollIntoView is not a function

    [0m [90m  9 |[39m
     [90m 10 |[39m   useEffect(() [33m=>[39m {
    [31m[1m>[22m[39m[90m 11 |[39m     
messagesEndRef[33m.[39mcurrent[33m?[39m[33m.[39mscrollIntoView({ 
behavior[33m:[39m [32m"smooth"[39m })[33m;[39m
     [90m    |[39m                             [31m[1m^[22m[39m
     [90m 12 |[39m   }[33m,[39m [messages])[33m;[39m
     [90m 13 |[39m
     [90m 14 |[39m   [36mconst[39m formatTime [33m=[39m (timestamp) 
[33m=>[39m {[0m

      at scrollIntoView (src/components/MessageList.js:11:29)
      at Object.react_stack_bottom_frame 
(node_modules/react-dom/cjs/react-dom-client.development.js:25989:20)
      at runWithFiberInDEV 
(node_modules/react-dom/cjs/react-dom-client.development.js:874:13)
      at commitHookEffectListMount 
(node_modules/react-dom/cjs/react-dom-client.development.js:13249:29)
      at commitHookPassiveMountEffects 
(node_modules/react-dom/cjs/react-dom-client.development.js:13336:11)
      at commitPassiveMountOnFiber 
(node_modules/react-dom/cjs/react-dom-client.development.js:15484:13)
      at recursivelyTraversePassiveMountEffects 
(node_modules/react-dom/cjs/react-dom-client.development.js:15439:11)
      at commitPassiveMountOnFiber 
(node_modules/react-dom/cjs/react-dom-client.development.js:15519:11)
      at flushPassiveEffects 
(node_modules/react-dom/cjs/react-dom-client.development.js:18432:9)
      at node_modules/react-dom/cjs/react-dom-client.development.js:17923:15
      at flushActQueue (node_modules/react/cjs/react.development.js:590:34)
      at process.env.NODE_ENV.exports.act 
(node_modules/react/cjs/react.development.js:884:10)
      at node_modules/@testing-library/react/dist/act-compat.js:46:25
      at renderRoot (node_modules/@testing-library/react/dist/pure.js:189:26)
      at render (node_modules/@testing-library/react/dist/pure.js:291:10)
      at Object.<anonymous> (src/frontend.test.js:67:33)

  ΓùÅ MessageList ΓÇ║ correctly splits sent vs received in a mixed list

    TypeError: messagesEndRef.current?.scrollIntoView is not a function

    [0m [90m  9 |[39m
     [90m 10 |[39m   useEffect(() [33m=>[39m {
    [31m[1m>[22m[39m[90m 11 |[39m     
messagesEndRef[33m.[39mcurrent[33m?[39m[33m.[39mscrollIntoView({ 
behavior[33m:[39m [32m"smooth"[39m })[33m;[39m
     [90m    |[39m                             [31m[1m^[22m[39m
     [90m 12 |[39m   }[33m,[39m [messages])[33m;[39m
     [90m 13 |[39m
     [90m 14 |[39m   [36mconst[39m formatTime [33m=[39m (timestamp) 
[33m=>[39m {[0m

      at scrollIntoView (src/components/MessageList.js:11:29)
      at Object.react_stack_bottom_frame 
(node_modules/react-dom/cjs/react-dom-client.development.js:25989:20)
      at runWithFiberInDEV 
(node_modules/react-dom/cjs/react-dom-client.development.js:874:13)
      at commitHookEffectListMount 
(node_modules/react-dom/cjs/react-dom-client.development.js:13249:29)
      at commitHookPassiveMountEffects 
(node_modules/react-dom/cjs/react-dom-client.development.js:13336:11)
      at commitPassiveMountOnFiber 
(node_modules/react-dom/cjs/react-dom-client.development.js:15484:13)
      at recursivelyTraversePassiveMountEffects 
(node_modules/react-dom/cjs/react-dom-client.development.js:15439:11)
      at commitPassiveMountOnFiber 
(node_modules/react-dom/cjs/react-dom-client.development.js:15519:11)
      at flushPassiveEffects 
(node_modules/react-dom/cjs/react-dom-client.development.js:18432:9)
      at node_modules/react-dom/cjs/react-dom-client.development.js:17923:15
      at flushActQueue (node_modules/react/cjs/react.development.js:590:34)
      at process.env.NODE_ENV.exports.act 
(node_modules/react/cjs/react.development.js:884:10)
      at node_modules/@testing-library/react/dist/act-compat.js:46:25
      at renderRoot (node_modules/@testing-library/react/dist/pure.js:189:26)
      at render (node_modules/@testing-library/react/dist/pure.js:291:10)
      at Object.<anonymous> (src/frontend.test.js:72:33)

  ΓùÅ MessageList ΓÇ║ reads senderId from sender._id (MongoDB populate format)

    TypeError: messagesEndRef.current?.scrollIntoView is not a function

    [0m [90m  9 |[39m
     [90m 10 |[39m   useEffect(() [33m=>[39m {
    [31m[1m>[22m[39m[90m 11 |[39m     
messagesEndRef[33m.[39mcurrent[33m?[39m[33m.[39mscrollIntoView({ 
behavior[33m:[39m [32m"smooth"[39m })[33m;[39m
     [90m    |[39m                             [31m[1m^[22m[39m
     [90m 12 |[39m   }[33m,[39m [messages])[33m;[39m
     [90m 13 |[39m
     [90m 14 |[39m   [36mconst[39m formatTime [33m=[39m (timestamp) 
[33m=>[39m {[0m

      at scrollIntoView (src/components/MessageList.js:11:29)
      at Object.react_stack_bottom_frame 
(node_modules/react-dom/cjs/react-dom-client.development.js:25989:20)
      at runWithFiberInDEV 
(node_modules/react-dom/cjs/react-dom-client.development.js:874:13)
      at commitHookEffectListMount 
(node_modules/react-dom/cjs/react-dom-client.development.js:13249:29)
      at commitHookPassiveMountEffects 
(node_modules/react-dom/cjs/react-dom-client.development.js:13336:11)
      at commitPassiveMountOnFiber 
(node_modules/react-dom/cjs/react-dom-client.development.js:15484:13)
      at recursivelyTraversePassiveMountEffects 
(node_modules/react-dom/cjs/react-dom-client.development.js:15439:11)
      at commitPassiveMountOnFiber 
(node_modules/react-dom/cjs/react-dom-client.development.js:15519:11)
      at flushPassiveEffects 
(node_modules/react-dom/cjs/react-dom-client.development.js:18432:9)
      at node_modules/react-dom/cjs/react-dom-client.development.js:17923:15
      at flushActQueue (node_modules/react/cjs/react.development.js:590:34)
      at process.env.NODE_ENV.exports.act 
(node_modules/react/cjs/react.development.js:884:10)
      at node_modules/@testing-library/react/dist/act-compat.js:46:25
      at renderRoot (node_modules/@testing-library/react/dist/pure.js:189:26)
      at render (node_modules/@testing-library/react/dist/pure.js:291:10)
      at Object.<anonymous> (src/frontend.test.js:81:33)

  ΓùÅ MessageList ΓÇ║ reads senderId from sender.id

    TypeError: messagesEndRef.current?.scrollIntoView is not a function

    [0m [90m  9 |[39m
     [90m 10 |[39m   useEffect(() [33m=>[39m {
    [31m[1m>[22m[39m[90m 11 |[39m     
messagesEndRef[33m.[39mcurrent[33m?[39m[33m.[39mscrollIntoView({ 
behavior[33m:[39m [32m"smooth"[39m })[33m;[39m
     [90m    |[39m                             [31m[1m^[22m[39m
     [90m 12 |[39m   }[33m,[39m [messages])[33m;[39m
     [90m 13 |[39m
     [90m 14 |[39m   [36mconst[39m formatTime [33m=[39m (timestamp) 
[33m=>[39m {[0m

      at scrollIntoView (src/components/MessageList.js:11:29)
      at Object.react_stack_bottom_frame 
(node_modules/react-dom/cjs/react-dom-client.development.js:25989:20)
      at runWithFiberInDEV 
(node_modules/react-dom/cjs/react-dom-client.development.js:874:13)
      at commitHookEffectListMount 
(node_modules/react-dom/cjs/react-dom-client.development.js:13249:29)
      at commitHookPassiveMountEffects 
(node_modules/react-dom/cjs/react-dom-client.development.js:13336:11)
      at commitPassiveMountOnFiber 
(node_modules/react-dom/cjs/react-dom-client.development.js:15484:13)
      at recursivelyTraversePassiveMountEffects 
(node_modules/react-dom/cjs/react-dom-client.development.js:15439:11)
      at commitPassiveMountOnFiber 
(node_modules/react-dom/cjs/react-dom-client.development.js:15519:11)
      at flushPassiveEffects 
(node_modules/react-dom/cjs/react-dom-client.development.js:18432:9)
      at node_modules/react-dom/cjs/react-dom-client.development.js:17923:15
      at flushActQueue (node_modules/react/cjs/react.development.js:590:34)
      at process.env.NODE_ENV.exports.act 
(node_modules/react/cjs/react.development.js:884:10)
      at node_modules/@testing-library/react/dist/act-compat.js:46:25
      at renderRoot (node_modules/@testing-library/react/dist/pure.js:189:26)
      at render (node_modules/@testing-library/react/dist/pure.js:291:10)
      at Object.<anonymous> (src/frontend.test.js:87:33)

  ΓùÅ MessageList ΓÇ║ renders a timestamp element for each message

    TypeError: messagesEndRef.current?.scrollIntoView is not a function

    [0m [90m  9 |[39m
     [90m 10 |[39m   useEffect(() [33m=>[39m {
    [31m[1m>[22m[39m[90m 11 |[39m     
messagesEndRef[33m.[39mcurrent[33m?[39m[33m.[39mscrollIntoView({ 
behavior[33m:[39m [32m"smooth"[39m })[33m;[39m
     [90m    |[39m                             [31m[1m^[22m[39m
     [90m 12 |[39m   }[33m,[39m [messages])[33m;[39m
     [90m 13 |[39m
     [90m 14 |[39m   [36mconst[39m formatTime [33m=[39m (timestamp) 
[33m=>[39m {[0m

      at scrollIntoView (src/components/MessageList.js:11:29)
      at Object.react_stack_bottom_frame 
(node_modules/react-dom/cjs/react-dom-client.development.js:25989:20)
      at runWithFiberInDEV 
(node_modules/react-dom/cjs/react-dom-client.development.js:874:13)
      at commitHookEffectListMount 
(node_modules/react-dom/cjs/react-dom-client.development.js:13249:29)
      at commitHookPassiveMountEffects 
(node_modules/react-dom/cjs/react-dom-client.development.js:13336:11)
      at commitPassiveMountOnFiber 
(node_modules/react-dom/cjs/react-dom-client.development.js:15484:13)
      at recursivelyTraversePassiveMountEffects 
(node_modules/react-dom/cjs/react-dom-client.development.js:15439:11)
      at commitPassiveMountOnFiber 
(node_modules/react-dom/cjs/react-dom-client.development.js:15519:11)
      at flushPassiveEffects 
(node_modules/react-dom/cjs/react-dom-client.development.js:18432:9)
      at node_modules/react-dom/cjs/react-dom-client.development.js:17923:15
      at flushActQueue (node_modules/react/cjs/react.development.js:590:34)
      at process.env.NODE_ENV.exports.act 
(node_modules/react/cjs/react.development.js:884:10)
      at node_modules/@testing-library/react/dist/act-compat.js:46:25
      at renderRoot (node_modules/@testing-library/react/dist/pure.js:189:26)
      at render (node_modules/@testing-library/react/dist/pure.js:291:10)
      at Object.<anonymous> (src/frontend.test.js:92:11)

  ΓùÅ MessageList ΓÇ║ handles a missing timestamp without crashing

    expect(received).not.toThrow()

    Error name:    "TypeError"
    Error message: "messagesEndRef.current?.scrollIntoView is not a function"

        [0m [90m  9 |[39m
         [90m 10 |[39m   useEffect(() [33m=>[39m {
        [31m[1m>[22m[39m[90m 11 |[39m     
messagesEndRef[33m.[39mcurrent[33m?[39m[33m.[39mscrollIntoView({ 
behavior[33m:[39m [32m"smooth"[39m })[33m;[39m
         [90m    |[39m                             [31m[1m^[22m[39m
         [90m 12 |[39m   }[33m,[39m [messages])[33m;[39m
         [90m 13 |[39m
         [90m 14 |[39m   [36mconst[39m formatTime [33m=[39m (timestamp) 
[33m=>[39m {[0m

      at scrollIntoView (src/components/MessageList.js:11:29)
      at Object.react_stack_bottom_frame 
(node_modules/react-dom/cjs/react-dom-client.development.js:25989:20)
      at runWithFiberInDEV 
(node_modules/react-dom/cjs/react-dom-client.development.js:874:13)
      at commitHookEffectListMount 
(node_modules/react-dom/cjs/react-dom-client.development.js:13249:29)
      at commitHookPassiveMountEffects 
(node_modules/react-dom/cjs/react-dom-client.development.js:13336:11)
      at commitPassiveMountOnFiber 
(node_modules/react-dom/cjs/react-dom-client.development.js:15484:13)
      at recursivelyTraversePassiveMountEffects 
(node_modules/react-dom/cjs/react-dom-client.development.js:15439:11)
      at commitPassiveMountOnFiber 
(node_modules/react-dom/cjs/react-dom-client.development.js:15519:11)
      at flushPassiveEffects 
(node_modules/react-dom/cjs/react-dom-client.development.js:18432:9)
      at node_modules/react-dom/cjs/react-dom-client.development.js:17923:15
      at flushActQueue (node_modules/react/cjs/react.development.js:590:34)
      at process.env.NODE_ENV.exports.act 
(node_modules/react/cjs/react.development.js:884:10)
      at node_modules/@testing-library/react/dist/act-compat.js:46:25
      at renderRoot (node_modules/@testing-library/react/dist/pure.js:189:26)
      at render (node_modules/@testing-library/react/dist/pure.js:291:10)
      at src/frontend.test.js:101:13
      at Object.<anonymous> (node_modules/expect/build/index.js:1824:9)
      at Object.throwingMatcher [as toThrow] 
(node_modules/expect/build/index.js:2235:93)
      at Object.toThrow (src/frontend.test.js:102:11)
      at Object.toThrow (src/frontend.test.js:102:11)

  ΓùÅ MessageList ΓÇ║ coerces numeric senderId to string for comparison

    TypeError: messagesEndRef.current?.scrollIntoView is not a function

    [0m [90m  9 |[39m
     [90m 10 |[39m   useEffect(() [33m=>[39m {
    [31m[1m>[22m[39m[90m 11 |[39m     
messagesEndRef[33m.[39mcurrent[33m?[39m[33m.[39mscrollIntoView({ 
behavior[33m:[39m [32m"smooth"[39m })[33m;[39m
     [90m    |[39m                             [31m[1m^[22m[39m
     [90m 12 |[39m   }[33m,[39m [messages])[33m;[39m
     [90m 13 |[39m
     [90m 14 |[39m   [36mconst[39m formatTime [33m=[39m (timestamp) 
[33m=>[39m {[0m

      at scrollIntoView (src/components/MessageList.js:11:29)
      at Object.react_stack_bottom_frame 
(node_modules/react-dom/cjs/react-dom-client.development.js:25989:20)
      at runWithFiberInDEV 
(node_modules/react-dom/cjs/react-dom-client.development.js:874:13)
      at commitHookEffectListMount 
(node_modules/react-dom/cjs/react-dom-client.development.js:13249:29)
      at commitHookPassiveMountEffects 
(node_modules/react-dom/cjs/react-dom-client.development.js:13336:11)
      at commitPassiveMountOnFiber 
(node_modules/react-dom/cjs/react-dom-client.development.js:15484:13)
      at recursivelyTraversePassiveMountEffects 
(node_modules/react-dom/cjs/react-dom-client.development.js:15439:11)
      at commitPassiveMountOnFiber 
(node_modules/react-dom/cjs/react-dom-client.development.js:15519:11)
      at flushPassiveEffects 
(node_modules/react-dom/cjs/react-dom-client.development.js:18432:9)
      at node_modules/react-dom/cjs/react-dom-client.development.js:17923:15
      at flushActQueue (node_modules/react/cjs/react.development.js:590:34)
      at process.env.NODE_ENV.exports.act 
(node_modules/react/cjs/react.development.js:884:10)
      at node_modules/@testing-library/react/dist/act-compat.js:46:25
      at renderRoot (node_modules/@testing-library/react/dist/pure.js:189:26)
      at render (node_modules/@testing-library/react/dist/pure.js:291:10)
      at Object.<anonymous> (src/frontend.test.js:107:33)

  ΓùÅ MessageList ΓÇ║ renders messages in the order they are provided

    TypeError: messagesEndRef.current?.scrollIntoView is not a function

    [0m [90m  9 |[39m
     [90m 10 |[39m   useEffect(() [33m=>[39m {
    [31m[1m>[22m[39m[90m 11 |[39m     
messagesEndRef[33m.[39mcurrent[33m?[39m[33m.[39mscrollIntoView({ 
behavior[33m:[39m [32m"smooth"[39m })[33m;[39m
     [90m    |[39m                             [31m[1m^[22m[39m
     [90m 12 |[39m   }[33m,[39m [messages])[33m;[39m
     [90m 13 |[39m
     [90m 14 |[39m   [36mconst[39m formatTime [33m=[39m (timestamp) 
[33m=>[39m {[0m

      at scrollIntoView (src/components/MessageList.js:11:29)
      at Object.react_stack_bottom_frame 
(node_modules/react-dom/cjs/react-dom-client.development.js:25989:20)
      at runWithFiberInDEV 
(node_modules/react-dom/cjs/react-dom-client.development.js:874:13)
      at commitHookEffectListMount 
(node_modules/react-dom/cjs/react-dom-client.development.js:13249:29)
      at commitHookPassiveMountEffects 
(node_modules/react-dom/cjs/react-dom-client.development.js:13336:11)
      at commitPassiveMountOnFiber 
(node_modules/react-dom/cjs/react-dom-client.development.js:15484:13)
      at recursivelyTraversePassiveMountEffects 
(node_modules/react-dom/cjs/react-dom-client.development.js:15439:11)
      at commitPassiveMountOnFiber 
(node_modules/react-dom/cjs/react-dom-client.development.js:15519:11)
      at flushPassiveEffects 
(node_modules/react-dom/cjs/react-dom-client.development.js:18432:9)
      at node_modules/react-dom/cjs/react-dom-client.development.js:17923:15
      at flushActQueue (node_modules/react/cjs/react.development.js:590:34)
      at process.env.NODE_ENV.exports.act 
(node_modules/react/cjs/react.development.js:884:10)
      at node_modules/@testing-library/react/dist/act-compat.js:46:25
      at renderRoot (node_modules/@testing-library/react/dist/pure.js:189:26)
      at render (node_modules/@testing-library/react/dist/pure.js:291:10)
      at Object.<anonymous> (src/frontend.test.js:117:11)

  ΓùÅ AuthContext ΓÇ║ login() exposes an error string and rethrows on failure

    expect(received).toBe(expected) // Object.is equality

    Expected: "Bad creds"
    Received: null

    [0m [90m 603 |[39m     [36mawait[39m waitFor(() [33m=>[39m 
expect(getCtx()[33m.[39mloading)[33m.[39mtoBe([36mfalse[39m))[33m;[39m
     [90m 604 |[39m     [36mawait[39m expect(act(() [33m=>[39m 
getCtx()[33m.[39mlogin([32m"x"[39m[33m,[39m 
[32m"y"[39m)))[33m.[39mrejects[33m.[39mtoBeTruthy()[33m;[39m
    [31m[1m>[22m[39m[90m 605 |[39m     
expect(getCtx()[33m.[39merror)[33m.[39mtoBe([32m"Bad 
creds"[39m)[33m;[39m
     [90m     |[39m                            [31m[1m^[22m[39m
     [90m 606 |[39m   })[33m;[39m
     [90m 607 |[39m
     [90m 608 |[39m   test([32m"logout() clears the user and removes the 
token"[39m[33m,[39m [36masync[39m () [33m=>[39m {[0m

      at Object.toBe (src/frontend.test.js:605:28)

  ΓùÅ AuthContext ΓÇ║ signup() exposes an error and rethrows on failure

    expect(received).toBe(expected) // Object.is equality

    Expected: "Email taken"
    Received: null

    [0m [90m 644 |[39m     [36mawait[39m waitFor(() [33m=>[39m 
expect(getCtx()[33m.[39mloading)[33m.[39mtoBe([36mfalse[39m))[33m;[39m
     [90m 645 |[39m     [36mawait[39m expect(act(() [33m=>[39m 
getCtx()[33m.[39msignup([32m"x"[39m[33m,[39m [32m"y"[39m[33m,[39m 
[32m"A"[39m[33m,[39m 
[32m"B"[39m)))[33m.[39mrejects[33m.[39mtoBeTruthy()[33m;[39m
    [31m[1m>[22m[39m[90m 646 |[39m     
expect(getCtx()[33m.[39merror)[33m.[39mtoBe([32m"Email 
taken"[39m)[33m;[39m
     [90m     |[39m                            [31m[1m^[22m[39m
     [90m 647 |[39m   })[33m;[39m
     [90m 648 |[39m })[33m;[39m[0m

      at Object.toBe (src/frontend.test.js:646:28)

Test Suites: 1 failed, 1 total
Tests:       13 failed, 46 passed, 59 total
Snapshots:   0 total
Time:        9.068 s
Ran all test suites.
